-- The C compiler identification is GNU 13.3.0
-- The CXX compiler identification is GNU 13.3.0
-- Detecting C compiler ABI info
-- Detecting C compiler ABI info - done
-- Check for working C compiler: /usr/bin/cc - skipped
-- Detecting C compile features
-- Detecting C compile features - done
-- Detecting CXX compiler ABI info
-- Detecting CXX compiler ABI info - done
-- Check for working CXX compiler: /usr/bin/c++ - skipped
-- Detecting CXX compile features
-- Detecting CXX compile features - done
-- Found ament_cmake: 2.5.4 (/opt/ros/jazzy/share/ament_cmake/cmake)
-- Found Python3: /usr/bin/python3 (found version "3.12.3") found components: Interpreter 
-- Found rosidl_default_generators: 1.6.0 (/opt/ros/jazzy/share/rosidl_default_generators/cmake)
-- Using all available rosidl_typesupport_c: rosidl_typesupport_fastrtps_c;rosidl_typesupport_introspection_c
-- Using all available rosidl_typesupport_cpp: rosidl_typesupport_fastrtps_cpp;rosidl_typesupport_introspection_cpp
-- Found rosidl_adapter: 4.6.6 (/opt/ros/jazzy/share/rosidl_adapter/cmake)
-- Found builtin_interfaces: 2.0.3 (/opt/ros/jazzy/share/builtin_interfaces/cmake)
-- Found geometry_msgs: 5.3.6 (/opt/ros/jazzy/share/geometry_msgs/cmake)
-- Found nav_msgs: 5.3.6 (/opt/ros/jazzy/share/nav_msgs/cmake)
-- Found ament_cmake_ros: 0.12.0 (/opt/ros/jazzy/share/ament_cmake_ros/cmake)
-- Using all available rosidl_typesupport_c: rosidl_typesupport_fastrtps_c;rosidl_typesupport_introspection_c
-- Using all available rosidl_typesupport_cpp: rosidl_typesupport_fastrtps_cpp;rosidl_typesupport_introspection_cpp
-- Found python_cmake_module: 0.11.1 (/opt/ros/jazzy/share/python_cmake_module/cmake)
-- Found PythonExtra: /usr/bin/python3  
-- Found Python3: /usr/bin/python3 (found version "3.12.3") found components: Interpreter Development NumPy Development.Module Development.Embed 
-- Configuring done (3.3s)
-- Generating done (0.1s)
-- Build files have been written to: /home/micka/orlsurg/ros2_ws/build/ear_msgs
[  1%] [34m[1mGenerating type hashes for ROS interfaces[0m
[  1%] Built target ament_cmake_python_copy_ear_msgs
running egg_info
creating ear_msgs.egg-info
writing ear_msgs.egg-info/PKG-INFO
writing dependency_links to ear_msgs.egg-info/dependency_links.txt
writing top-level names to ear_msgs.egg-info/top_level.txt
writing manifest file 'ear_msgs.egg-info/SOURCES.txt'
[  1%] Built target ear_msgs__rosidl_generator_type_description
[  3%] [34m[1mGenerating C code for ROS interfaces[0m
[  4%] [34m[1mGenerating C++ code for ROS interfaces[0m
reading manifest file 'ear_msgs.egg-info/SOURCES.txt'
writing manifest file 'ear_msgs.egg-info/SOURCES.txt'
[  4%] Built target ament_cmake_python_build_ear_msgs_egg
[  4%] Built target ear_msgs__cpp
[ 12%] [32mBuilding C object CMakeFiles/ear_msgs__rosidl_generator_c.dir/rosidl_generator_c/ear_msgs/srv/detail/centerline__description.c.o[0m
[ 12%] [32mBuilding C object CMakeFiles/ear_msgs__rosidl_generator_c.dir/rosidl_generator_c/ear_msgs/srv/detail/register__functions.c.o[0m
[ 12%] [32mBuilding C object CMakeFiles/ear_msgs__rosidl_generator_c.dir/rosidl_generator_c/ear_msgs/srv/detail/segment_ear__functions.c.o[0m
[ 12%] [32mBuilding C object CMakeFiles/ear_msgs__rosidl_generator_c.dir/rosidl_generator_c/ear_msgs/srv/detail/segment_ear__type_support.c.o[0m
[ 14%] [32mBuilding C object CMakeFiles/ear_msgs__rosidl_generator_c.dir/rosidl_generator_c/ear_msgs/srv/detail/segment_ear__description.c.o[0m
[ 12%] [32mBuilding C object CMakeFiles/ear_msgs__rosidl_generator_c.dir/rosidl_generator_c/ear_msgs/srv/detail/centerline__type_support.c.o[0m
[ 17%] [32mBuilding C object CMakeFiles/ear_msgs__rosidl_generator_c.dir/rosidl_generator_c/ear_msgs/action/detail/plan_path__description.c.o[0m
[ 18%] [32mBuilding C object CMakeFiles/ear_msgs__rosidl_generator_c.dir/rosidl_generator_c/ear_msgs/srv/detail/register__type_support.c.o[0m
[ 17%] [32mBuilding C object CMakeFiles/ear_msgs__rosidl_generator_c.dir/rosidl_generator_c/ear_msgs/srv/detail/register__description.c.o[0m
[ 20%] [32mBuilding C object CMakeFiles/ear_msgs__rosidl_generator_c.dir/rosidl_generator_c/ear_msgs/srv/detail/centerline__functions.c.o[0m
[ 23%] [32mBuilding C object CMakeFiles/ear_msgs__rosidl_generator_c.dir/rosidl_generator_c/ear_msgs/action/detail/plan_path__functions.c.o[0m
[ 23%] [32mBuilding C object CMakeFiles/ear_msgs__rosidl_generator_c.dir/rosidl_generator_c/ear_msgs/action/detail/plan_path__type_support.c.o[0m
[ 25%] [32m[1mLinking C shared library libear_msgs__rosidl_generator_c.so[0m
[ 25%] Built target ear_msgs__rosidl_generator_c
[ 28%] [34m[1mGenerating C++ type support dispatch for ROS interfaces[0m
[ 28%] [34m[1mGenerating C type support for eProsima Fast-RTPS[0m
[ 29%] [34m[1mGenerating C++ type support for eProsima Fast-RTPS[0m
[ 31%] [34m[1mGenerating C++ introspection for ROS interfaces[0m
[ 32%] [34m[1mGenerating C introspection for ROS interfaces[0m
[ 34%] [34m[1mGenerating C type support dispatch for ROS interfaces[0m
[ 35%] [32mBuilding CXX object CMakeFiles/ear_msgs__rosidl_typesupport_cpp.dir/rosidl_typesupport_cpp/ear_msgs/srv/register__type_support.cpp.o[0m
[ 37%] [32mBuilding CXX object CMakeFiles/ear_msgs__rosidl_typesupport_cpp.dir/rosidl_typesupport_cpp/ear_msgs/srv/centerline__type_support.cpp.o[0m
[ 39%] [32mBuilding CXX object CMakeFiles/ear_msgs__rosidl_typesupport_cpp.dir/rosidl_typesupport_cpp/ear_msgs/srv/segment_ear__type_support.cpp.o[0m
[ 40%] [32mBuilding CXX object CMakeFiles/ear_msgs__rosidl_typesupport_cpp.dir/rosidl_typesupport_cpp/ear_msgs/action/plan_path__type_support.cpp.o[0m
[ 45%] [32mBuilding CXX object CMakeFiles/ear_msgs__rosidl_typesupport_c.dir/rosidl_typesupport_c/ear_msgs/srv/register__type_support.cpp.o[0m
[ 45%] [32mBuilding CXX object CMakeFiles/ear_msgs__rosidl_typesupport_c.dir/rosidl_typesupport_c/ear_msgs/srv/centerline__type_support.cpp.o[0m
[ 45%] [32mBuilding CXX object CMakeFiles/ear_msgs__rosidl_typesupport_c.dir/rosidl_typesupport_c/ear_msgs/srv/segment_ear__type_support.cpp.o[0m
[ 46%] [32mBuilding CXX object CMakeFiles/ear_msgs__rosidl_typesupport_c.dir/rosidl_typesupport_c/ear_msgs/action/plan_path__type_support.cpp.o[0m
[ 48%] [32m[1mLinking CXX shared library libear_msgs__rosidl_typesupport_c.so[0m
[ 51%] [32mBuilding C object CMakeFiles/ear_msgs__rosidl_typesupport_introspection_c.dir/rosidl_typesupport_introspection_c/ear_msgs/srv/detail/register__type_support.c.o[0m
[ 51%] [32mBuilding C object CMakeFiles/ear_msgs__rosidl_typesupport_introspection_c.dir/rosidl_typesupport_introspection_c/ear_msgs/srv/detail/centerline__type_support.c.o[0m
[ 53%] [32mBuilding C object CMakeFiles/ear_msgs__rosidl_typesupport_introspection_c.dir/rosidl_typesupport_introspection_c/ear_msgs/srv/detail/segment_ear__type_support.c.o[0m
[ 54%] [32mBuilding C object CMakeFiles/ear_msgs__rosidl_typesupport_introspection_c.dir/rosidl_typesupport_introspection_c/ear_msgs/action/detail/plan_path__type_support.c.o[0m
[ 56%] [32mBuilding CXX object CMakeFiles/ear_msgs__rosidl_typesupport_introspection_cpp.dir/rosidl_typesupport_introspection_cpp/ear_msgs/srv/detail/segment_ear__type_support.cpp.o[0m
[ 57%] [32mBuilding CXX object CMakeFiles/ear_msgs__rosidl_typesupport_introspection_cpp.dir/rosidl_typesupport_introspection_cpp/ear_msgs/srv/detail/centerline__type_support.cpp.o[0m
[ 59%] [32mBuilding CXX object CMakeFiles/ear_msgs__rosidl_typesupport_introspection_cpp.dir/rosidl_typesupport_introspection_cpp/ear_msgs/srv/detail/register__type_support.cpp.o[0m
[ 60%] [32mBuilding CXX object CMakeFiles/ear_msgs__rosidl_typesupport_introspection_cpp.dir/rosidl_typesupport_introspection_cpp/ear_msgs/action/detail/plan_path__type_support.cpp.o[0m
[ 62%] [32m[1mLinking C shared library libear_msgs__rosidl_typesupport_introspection_c.so[0m
[ 62%] Built target ear_msgs__rosidl_typesupport_c
[ 62%] Built target ear_msgs__rosidl_typesupport_introspection_c
[ 65%] [32mBuilding CXX object CMakeFiles/ear_msgs__rosidl_typesupport_fastrtps_cpp.dir/rosidl_typesupport_fastrtps_cpp/ear_msgs/srv/detail/dds_fastrtps/register__type_support.cpp.o[0m
[ 65%] [32mBuilding CXX object CMakeFiles/ear_msgs__rosidl_typesupport_fastrtps_cpp.dir/rosidl_typesupport_fastrtps_cpp/ear_msgs/srv/detail/dds_fastrtps/segment_ear__type_support.cpp.o[0m
[ 67%] [32mBuilding CXX object CMakeFiles/ear_msgs__rosidl_typesupport_fastrtps_cpp.dir/rosidl_typesupport_fastrtps_cpp/ear_msgs/action/detail/dds_fastrtps/plan_path__type_support.cpp.o[0m
[ 68%] [32mBuilding CXX object CMakeFiles/ear_msgs__rosidl_typesupport_fastrtps_cpp.dir/rosidl_typesupport_fastrtps_cpp/ear_msgs/srv/detail/dds_fastrtps/centerline__type_support.cpp.o[0m
[ 70%] [32mBuilding CXX object CMakeFiles/ear_msgs__rosidl_typesupport_fastrtps_c.dir/rosidl_typesupport_fastrtps_c/ear_msgs/srv/detail/centerline__type_support_c.cpp.o[0m
[ 71%] [32mBuilding CXX object CMakeFiles/ear_msgs__rosidl_typesupport_fastrtps_c.dir/rosidl_typesupport_fastrtps_c/ear_msgs/srv/detail/segment_ear__type_support_c.cpp.o[0m
[ 73%] [32mBuilding CXX object CMakeFiles/ear_msgs__rosidl_typesupport_fastrtps_c.dir/rosidl_typesupport_fastrtps_c/ear_msgs/srv/detail/register__type_support_c.cpp.o[0m
[ 75%] [32mBuilding CXX object CMakeFiles/ear_msgs__rosidl_typesupport_fastrtps_c.dir/rosidl_typesupport_fastrtps_c/ear_msgs/action/detail/plan_path__type_support_c.cpp.o[0m
[ 76%] [32m[1mLinking CXX shared library libear_msgs__rosidl_typesupport_cpp.so[0m
[ 76%] Built target ear_msgs__rosidl_typesupport_cpp
[ 78%] [32m[1mLinking CXX shared library libear_msgs__rosidl_typesupport_introspection_cpp.so[0m
[ 78%] Built target ear_msgs__rosidl_typesupport_introspection_cpp
[ 79%] [32m[1mLinking CXX shared library libear_msgs__rosidl_typesupport_fastrtps_c.so[0m
[ 79%] Built target ear_msgs__rosidl_typesupport_fastrtps_c
[ 81%] [32m[1mLinking CXX shared library libear_msgs__rosidl_typesupport_fastrtps_cpp.so[0m
[ 81%] Built target ear_msgs__rosidl_typesupport_fastrtps_cpp
[ 81%] Built target ear_msgs
[ 82%] [34m[1mGenerating Python code for ROS interfaces[0m
[ 82%] Built target ear_msgs__py
[ 87%] [32mBuilding C object CMakeFiles/ear_msgs__rosidl_generator_py.dir/rosidl_generator_py/ear_msgs/srv/_register_s.c.o[0m
[ 87%] [32mBuilding C object CMakeFiles/ear_msgs__rosidl_generator_py.dir/rosidl_generator_py/ear_msgs/srv/_centerline_s.c.o[0m
[ 89%] [32mBuilding C object CMakeFiles/ear_msgs__rosidl_generator_py.dir/rosidl_generator_py/ear_msgs/srv/_segment_ear_s.c.o[0m
[ 89%] [32mBuilding C object CMakeFiles/ear_msgs__rosidl_generator_py.dir/rosidl_generator_py/ear_msgs/action/_plan_path_s.c.o[0m
[ 90%] [32m[1mLinking C shared library libear_msgs__rosidl_generator_py.so[0m
[ 90%] Built target ear_msgs__rosidl_generator_py
[ 95%] [32mBuilding C object CMakeFiles/ear_msgs_s__rosidl_typesupport_c.dir/rosidl_generator_py/ear_msgs/_ear_msgs_s.ep.rosidl_typesupport_c.c.o[0m
[ 95%] [32mBuilding C object CMakeFiles/ear_msgs_s__rosidl_typesupport_introspection_c.dir/rosidl_generator_py/ear_msgs/_ear_msgs_s.ep.rosidl_typesupport_introspection_c.c.o[0m
[ 95%] [32mBuilding C object CMakeFiles/ear_msgs_s__rosidl_typesupport_fastrtps_c.dir/rosidl_generator_py/ear_msgs/_ear_msgs_s.ep.rosidl_typesupport_fastrtps_c.c.o[0m
[ 98%] [32m[1mLinking C shared module rosidl_generator_py/ear_msgs/ear_msgs_s__rosidl_typesupport_introspection_c.so[0m
[ 98%] [32m[1mLinking C shared module rosidl_generator_py/ear_msgs/ear_msgs_s__rosidl_typesupport_c.so[0m
[100%] [32m[1mLinking C shared module rosidl_generator_py/ear_msgs/ear_msgs_s__rosidl_typesupport_fastrtps_c.so[0m
[100%] Built target ear_msgs_s__rosidl_typesupport_c
[100%] Built target ear_msgs_s__rosidl_typesupport_introspection_c
[100%] Built target ear_msgs_s__rosidl_typesupport_fastrtps_c
-- Install configuration: ""
-- Installing: /home/micka/orlsurg/ros2_ws/install/share/ament_index/resource_index/rosidl_interfaces/ear_msgs
-- Installing: /home/micka/orlsurg/ros2_ws/install/share/ear_msgs/srv/SegmentEar.json
-- Installing: /home/micka/orlsurg/ros2_ws/install/share/ear_msgs/srv/Centerline.json
-- Installing: /home/micka/orlsurg/ros2_ws/install/share/ear_msgs/srv/Register.json
-- Installing: /home/micka/orlsurg/ros2_ws/install/share/ear_msgs/action/PlanPath.json
-- Installing: /home/micka/orlsurg/ros2_ws/install/include/ear_msgs/ear_msgs
-- Installing: /home/micka/orlsurg/ros2_ws/install/include/ear_msgs/ear_msgs/action
-- Installing: /home/micka/orlsurg/ros2_ws/install/include/ear_msgs/ear_msgs/action/plan_path.h
-- Installing: /home/micka/orlsurg/ros2_ws/install/include/ear_msgs/ear_msgs/action/detail
-- Installing: /home/micka/orlsurg/ros2_ws/install/include/ear_msgs/ear_msgs/action/detail/plan_path__struct.h
-- Installing: /home/micka/orlsurg/ros2_ws/install/include/ear_msgs/ear_msgs/action/detail/plan_path__functions.c
-- Installing: /home/micka/orlsurg/ros2_ws/install/include/ear_msgs/ear_msgs/action/detail/plan_path__type_support.h
-- Installing: /home/micka/orlsurg/ros2_ws/install/include/ear_msgs/ear_msgs/action/detail/plan_path__functions.h
-- Installing: /home/micka/orlsurg/ros2_ws/install/include/ear_msgs/ear_msgs/action/detail/plan_path__description.c
-- Installing: /home/micka/orlsurg/ros2_ws/install/include/ear_msgs/ear_msgs/action/detail/plan_path__type_support.c
-- Installing: /home/micka/orlsurg/ros2_ws/install/include/ear_msgs/ear_msgs/srv
-- Installing: /home/micka/orlsurg/ros2_ws/install/include/ear_msgs/ear_msgs/srv/segment_ear.h
-- Installing: /home/micka/orlsurg/ros2_ws/install/include/ear_msgs/ear_msgs/srv/register.h
-- Installing: /home/micka/orlsurg/ros2_ws/install/include/ear_msgs/ear_msgs/srv/detail
-- Installing: /home/micka/orlsurg/ros2_ws/install/include/ear_msgs/ear_msgs/srv/detail/segment_ear__functions.c
-- Installing: /home/micka/orlsurg/ros2_ws/install/include/ear_msgs/ear_msgs/srv/detail/register__type_support.h
-- Installing: /home/micka/orlsurg/ros2_ws/install/include/ear_msgs/ear_msgs/srv/detail/centerline__functions.c
-- Installing: /home/micka/orlsurg/ros2_ws/install/include/ear_msgs/ear_msgs/srv/detail/centerline__struct.h
-- Installing: /home/micka/orlsurg/ros2_ws/install/include/ear_msgs/ear_msgs/srv/detail/register__functions.h
-- Installing: /home/micka/orlsurg/ros2_ws/install/include/ear_msgs/ear_msgs/srv/detail/segment_ear__type_support.h
-- Installing: /home/micka/orlsurg/ros2_ws/install/include/ear_msgs/ear_msgs/srv/detail/segment_ear__functions.h
-- Installing: /home/micka/orlsurg/ros2_ws/install/include/ear_msgs/ear_msgs/srv/detail/register__type_support.c
-- Installing: /home/micka/orlsurg/ros2_ws/install/include/ear_msgs/ear_msgs/srv/detail/centerline__functions.h
-- Installing: /home/micka/orlsurg/ros2_ws/install/include/ear_msgs/ear_msgs/srv/detail/register__description.c
-- Installing: /home/micka/orlsurg/ros2_ws/install/include/ear_msgs/ear_msgs/srv/detail/segment_ear__description.c
-- Installing: /home/micka/orlsurg/ros2_ws/install/include/ear_msgs/ear_msgs/srv/detail/register__struct.h
-- Installing: /home/micka/orlsurg/ros2_ws/install/include/ear_msgs/ear_msgs/srv/detail/centerline__type_support.h
-- Installing: /home/micka/orlsurg/ros2_ws/install/include/ear_msgs/ear_msgs/srv/detail/segment_ear__type_support.c
-- Installing: /home/micka/orlsurg/ros2_ws/install/include/ear_msgs/ear_msgs/srv/detail/centerline__description.c
-- Installing: /home/micka/orlsurg/ros2_ws/install/include/ear_msgs/ear_msgs/srv/detail/segment_ear__struct.h
-- Installing: /home/micka/orlsurg/ros2_ws/install/include/ear_msgs/ear_msgs/srv/detail/centerline__type_support.c
-- Installing: /home/micka/orlsurg/ros2_ws/install/include/ear_msgs/ear_msgs/srv/detail/register__functions.c
-- Installing: /home/micka/orlsurg/ros2_ws/install/include/ear_msgs/ear_msgs/srv/centerline.h
-- Installing: /home/micka/orlsurg/ros2_ws/install/include/ear_msgs/ear_msgs/msg
-- Installing: /home/micka/orlsurg/ros2_ws/install/include/ear_msgs/ear_msgs/msg/rosidl_generator_c__visibility_control.h
-- Installing: /home/micka/orlsurg/ros2_ws/install/share/ear_msgs/environment/library_path.sh
-- Installing: /home/micka/orlsurg/ros2_ws/install/share/ear_msgs/environment/library_path.dsv
-- Installing: /home/micka/orlsurg/ros2_ws/install/lib/libear_msgs__rosidl_generator_c.so
-- Set non-toolchain portion of runtime path of "/home/micka/orlsurg/ros2_ws/install/lib/libear_msgs__rosidl_generator_c.so" to ""
-- Up-to-date: /home/micka/orlsurg/ros2_ws/install/include/ear_msgs/ear_msgs
-- Up-to-date: /home/micka/orlsurg/ros2_ws/install/include/ear_msgs/ear_msgs/action
-- Up-to-date: /home/micka/orlsurg/ros2_ws/install/include/ear_msgs/ear_msgs/action/detail
-- Installing: /home/micka/orlsurg/ros2_ws/install/include/ear_msgs/ear_msgs/action/detail/plan_path__rosidl_typesupport_fastrtps_c.h
-- Up-to-date: /home/micka/orlsurg/ros2_ws/install/include/ear_msgs/ear_msgs/srv
-- Up-to-date: /home/micka/orlsurg/ros2_ws/install/include/ear_msgs/ear_msgs/srv/detail
-- Installing: /home/micka/orlsurg/ros2_ws/install/include/ear_msgs/ear_msgs/srv/detail/register__rosidl_typesupport_fastrtps_c.h
-- Installing: /home/micka/orlsurg/ros2_ws/install/include/ear_msgs/ear_msgs/srv/detail/segment_ear__rosidl_typesupport_fastrtps_c.h
-- Installing: /home/micka/orlsurg/ros2_ws/install/include/ear_msgs/ear_msgs/srv/detail/centerline__rosidl_typesupport_fastrtps_c.h
-- Up-to-date: /home/micka/orlsurg/ros2_ws/install/include/ear_msgs/ear_msgs/msg
-- Installing: /home/micka/orlsurg/ros2_ws/install/include/ear_msgs/ear_msgs/msg/rosidl_typesupport_fastrtps_c__visibility_control.h
-- Installing: /home/micka/orlsurg/ros2_ws/install/lib/libear_msgs__rosidl_typesupport_fastrtps_c.so
-- Set non-toolchain portion of runtime path of "/home/micka/orlsurg/ros2_ws/install/lib/libear_msgs__rosidl_typesupport_fastrtps_c.so" to ""
-- Up-to-date: /home/micka/orlsurg/ros2_ws/install/include/ear_msgs/ear_msgs
-- Up-to-date: /home/micka/orlsurg/ros2_ws/install/include/ear_msgs/ear_msgs/action
-- Up-to-date: /home/micka/orlsurg/ros2_ws/install/include/ear_msgs/ear_msgs/action/detail
-- Installing: /home/micka/orlsurg/ros2_ws/install/include/ear_msgs/ear_msgs/action/detail/plan_path__rosidl_typesupport_introspection_c.h
-- Installing: /home/micka/orlsurg/ros2_ws/install/include/ear_msgs/ear_msgs/action/detail/plan_path__type_support.c
-- Up-to-date: /home/micka/orlsurg/ros2_ws/install/include/ear_msgs/ear_msgs/srv
-- Up-to-date: /home/micka/orlsurg/ros2_ws/install/include/ear_msgs/ear_msgs/srv/detail
-- Installing: /home/micka/orlsurg/ros2_ws/install/include/ear_msgs/ear_msgs/srv/detail/centerline__rosidl_typesupport_introspection_c.h
-- Installing: /home/micka/orlsurg/ros2_ws/install/include/ear_msgs/ear_msgs/srv/detail/segment_ear__rosidl_typesupport_introspection_c.h
-- Installing: /home/micka/orlsurg/ros2_ws/install/include/ear_msgs/ear_msgs/srv/detail/register__type_support.c
-- Installing: /home/micka/orlsurg/ros2_ws/install/include/ear_msgs/ear_msgs/srv/detail/segment_ear__type_support.c
-- Installing: /home/micka/orlsurg/ros2_ws/install/include/ear_msgs/ear_msgs/srv/detail/centerline__type_support.c
-- Installing: /home/micka/orlsurg/ros2_ws/install/include/ear_msgs/ear_msgs/srv/detail/register__rosidl_typesupport_introspection_c.h
-- Up-to-date: /home/micka/orlsurg/ros2_ws/install/include/ear_msgs/ear_msgs/msg
-- Installing: /home/micka/orlsurg/ros2_ws/install/include/ear_msgs/ear_msgs/msg/rosidl_typesupport_introspection_c__visibility_control.h
-- Installing: /home/micka/orlsurg/ros2_ws/install/lib/libear_msgs__rosidl_typesupport_introspection_c.so
-- Set non-toolchain portion of runtime path of "/home/micka/orlsurg/ros2_ws/install/lib/libear_msgs__rosidl_typesupport_introspection_c.so" to ""
-- Installing: /home/micka/orlsurg/ros2_ws/install/lib/libear_msgs__rosidl_typesupport_c.so
-- Set non-toolchain portion of runtime path of "/home/micka/orlsurg/ros2_ws/install/lib/libear_msgs__rosidl_typesupport_c.so" to ""
-- Up-to-date: /home/micka/orlsurg/ros2_ws/install/include/ear_msgs/ear_msgs
-- Up-to-date: /home/micka/orlsurg/ros2_ws/install/include/ear_msgs/ear_msgs/action
-- Installing: /home/micka/orlsurg/ros2_ws/install/include/ear_msgs/ear_msgs/action/plan_path.hpp
-- Up-to-date: /home/micka/orlsurg/ros2_ws/install/include/ear_msgs/ear_msgs/action/detail
-- Installing: /home/micka/orlsurg/ros2_ws/install/include/ear_msgs/ear_msgs/action/detail/plan_path__struct.hpp
-- Installing: /home/micka/orlsurg/ros2_ws/install/include/ear_msgs/ear_msgs/action/detail/plan_path__builder.hpp
-- Installing: /home/micka/orlsurg/ros2_ws/install/include/ear_msgs/ear_msgs/action/detail/plan_path__type_support.hpp
-- Installing: /home/micka/orlsurg/ros2_ws/install/include/ear_msgs/ear_msgs/action/detail/plan_path__traits.hpp
-- Up-to-date: /home/micka/orlsurg/ros2_ws/install/include/ear_msgs/ear_msgs/srv
-- Installing: /home/micka/orlsurg/ros2_ws/install/include/ear_msgs/ear_msgs/srv/register.hpp
-- Installing: /home/micka/orlsurg/ros2_ws/install/include/ear_msgs/ear_msgs/srv/centerline.hpp
-- Up-to-date: /home/micka/orlsurg/ros2_ws/install/include/ear_msgs/ear_msgs/srv/detail
-- Installing: /home/micka/orlsurg/ros2_ws/install/include/ear_msgs/ear_msgs/srv/detail/segment_ear__builder.hpp
-- Installing: /home/micka/orlsurg/ros2_ws/install/include/ear_msgs/ear_msgs/srv/detail/segment_ear__struct.hpp
-- Installing: /home/micka/orlsurg/ros2_ws/install/include/ear_msgs/ear_msgs/srv/detail/register__type_support.hpp
-- Installing: /home/micka/orlsurg/ros2_ws/install/include/ear_msgs/ear_msgs/srv/detail/segment_ear__type_support.hpp
-- Installing: /home/micka/orlsurg/ros2_ws/install/include/ear_msgs/ear_msgs/srv/detail/segment_ear__traits.hpp
-- Installing: /home/micka/orlsurg/ros2_ws/install/include/ear_msgs/ear_msgs/srv/detail/centerline__builder.hpp
-- Installing: /home/micka/orlsurg/ros2_ws/install/include/ear_msgs/ear_msgs/srv/detail/register__builder.hpp
-- Installing: /home/micka/orlsurg/ros2_ws/install/include/ear_msgs/ear_msgs/srv/detail/centerline__type_support.hpp
-- Installing: /home/micka/orlsurg/ros2_ws/install/include/ear_msgs/ear_msgs/srv/detail/centerline__traits.hpp
-- Installing: /home/micka/orlsurg/ros2_ws/install/include/ear_msgs/ear_msgs/srv/detail/centerline__struct.hpp
-- Installing: /home/micka/orlsurg/ros2_ws/install/include/ear_msgs/ear_msgs/srv/detail/register__struct.hpp
-- Installing: /home/micka/orlsurg/ros2_ws/install/include/ear_msgs/ear_msgs/srv/detail/register__traits.hpp
-- Installing: /home/micka/orlsurg/ros2_ws/install/include/ear_msgs/ear_msgs/srv/segment_ear.hpp
-- Up-to-date: /home/micka/orlsurg/ros2_ws/install/include/ear_msgs/ear_msgs/msg
-- Installing: /home/micka/orlsurg/ros2_ws/install/include/ear_msgs/ear_msgs/msg/rosidl_generator_cpp__visibility_control.hpp
-- Up-to-date: /home/micka/orlsurg/ros2_ws/install/include/ear_msgs/ear_msgs
-- Up-to-date: /home/micka/orlsurg/ros2_ws/install/include/ear_msgs/ear_msgs/action
-- Up-to-date: /home/micka/orlsurg/ros2_ws/install/include/ear_msgs/ear_msgs/action/detail
-- Installing: /home/micka/orlsurg/ros2_ws/install/include/ear_msgs/ear_msgs/action/detail/plan_path__rosidl_typesupport_fastrtps_cpp.hpp
-- Installing: /home/micka/orlsurg/ros2_ws/install/include/ear_msgs/ear_msgs/action/detail/dds_fastrtps
-- Up-to-date: /home/micka/orlsurg/ros2_ws/install/include/ear_msgs/ear_msgs/srv
-- Up-to-date: /home/micka/orlsurg/ros2_ws/install/include/ear_msgs/ear_msgs/srv/detail
-- Installing: /home/micka/orlsurg/ros2_ws/install/include/ear_msgs/ear_msgs/srv/detail/segment_ear__rosidl_typesupport_fastrtps_cpp.hpp
-- Installing: /home/micka/orlsurg/ros2_ws/install/include/ear_msgs/ear_msgs/srv/detail/centerline__rosidl_typesupport_fastrtps_cpp.hpp
-- Installing: /home/micka/orlsurg/ros2_ws/install/include/ear_msgs/ear_msgs/srv/detail/register__rosidl_typesupport_fastrtps_cpp.hpp
-- Installing: /home/micka/orlsurg/ros2_ws/install/include/ear_msgs/ear_msgs/srv/detail/dds_fastrtps
-- Up-to-date: /home/micka/orlsurg/ros2_ws/install/include/ear_msgs/ear_msgs/msg
-- Installing: /home/micka/orlsurg/ros2_ws/install/include/ear_msgs/ear_msgs/msg/rosidl_typesupport_fastrtps_cpp__visibility_control.h
-- Installing: /home/micka/orlsurg/ros2_ws/install/lib/libear_msgs__rosidl_typesupport_fastrtps_cpp.so
-- Set non-toolchain portion of runtime path of "/home/micka/orlsurg/ros2_ws/install/lib/libear_msgs__rosidl_typesupport_fastrtps_cpp.so" to ""
-- Up-to-date: /home/micka/orlsurg/ros2_ws/install/include/ear_msgs/ear_msgs
-- Up-to-date: /home/micka/orlsurg/ros2_ws/install/include/ear_msgs/ear_msgs/action
-- Up-to-date: /home/micka/orlsurg/ros2_ws/install/include/ear_msgs/ear_msgs/action/detail
-- Installing: /home/micka/orlsurg/ros2_ws/install/include/ear_msgs/ear_msgs/action/detail/plan_path__rosidl_typesupport_introspection_cpp.hpp
-- Installing: /home/micka/orlsurg/ros2_ws/install/include/ear_msgs/ear_msgs/action/detail/plan_path__type_support.cpp
-- Up-to-date: /home/micka/orlsurg/ros2_ws/install/include/ear_msgs/ear_msgs/srv
-- Up-to-date: /home/micka/orlsurg/ros2_ws/install/include/ear_msgs/ear_msgs/srv/detail
-- Installing: /home/micka/orlsurg/ros2_ws/install/include/ear_msgs/ear_msgs/srv/detail/centerline__rosidl_typesupport_introspection_cpp.hpp
-- Installing: /home/micka/orlsurg/ros2_ws/install/include/ear_msgs/ear_msgs/srv/detail/segment_ear__rosidl_typesupport_introspection_cpp.hpp
-- Installing: /home/micka/orlsurg/ros2_ws/install/include/ear_msgs/ear_msgs/srv/detail/register__type_support.cpp
-- Installing: /home/micka/orlsurg/ros2_ws/install/include/ear_msgs/ear_msgs/srv/detail/register__rosidl_typesupport_introspection_cpp.hpp
-- Installing: /home/micka/orlsurg/ros2_ws/install/include/ear_msgs/ear_msgs/srv/detail/centerline__type_support.cpp
-- Installing: /home/micka/orlsurg/ros2_ws/install/include/ear_msgs/ear_msgs/srv/detail/segment_ear__type_support.cpp
-- Installing: /home/micka/orlsurg/ros2_ws/install/lib/libear_msgs__rosidl_typesupport_introspection_cpp.so
-- Set non-toolchain portion of runtime path of "/home/micka/orlsurg/ros2_ws/install/lib/libear_msgs__rosidl_typesupport_introspection_cpp.so" to ""
-- Installing: /home/micka/orlsurg/ros2_ws/install/lib/libear_msgs__rosidl_typesupport_cpp.so
-- Set non-toolchain portion of runtime path of "/home/micka/orlsurg/ros2_ws/install/lib/libear_msgs__rosidl_typesupport_cpp.so" to ""
-- Installing: /home/micka/orlsurg/ros2_ws/install/share/ear_msgs/environment/pythonpath.sh
-- Installing: /home/micka/orlsurg/ros2_ws/install/share/ear_msgs/environment/pythonpath.dsv
-- Installing: /home/micka/orlsurg/ros2_ws/install/lib/python3.12/site-packages/ear_msgs-0.0.1-py3.12.egg-info
-- Installing: /home/micka/orlsurg/ros2_ws/install/lib/python3.12/site-packages/ear_msgs-0.0.1-py3.12.egg-info/PKG-INFO
-- Installing: /home/micka/orlsurg/ros2_ws/install/lib/python3.12/site-packages/ear_msgs-0.0.1-py3.12.egg-info/top_level.txt
-- Installing: /home/micka/orlsurg/ros2_ws/install/lib/python3.12/site-packages/ear_msgs-0.0.1-py3.12.egg-info/SOURCES.txt
-- Installing: /home/micka/orlsurg/ros2_ws/install/lib/python3.12/site-packages/ear_msgs-0.0.1-py3.12.egg-info/dependency_links.txt
-- Installing: /home/micka/orlsurg/ros2_ws/install/lib/python3.12/site-packages/ear_msgs
-- Installing: /home/micka/orlsurg/ros2_ws/install/lib/python3.12/site-packages/ear_msgs/_ear_msgs_s.ep.rosidl_typesupport_fastrtps_c.c
-- Installing: /home/micka/orlsurg/ros2_ws/install/lib/python3.12/site-packages/ear_msgs/action
-- Installing: /home/micka/orlsurg/ros2_ws/install/lib/python3.12/site-packages/ear_msgs/action/_plan_path_s.c
-- Installing: /home/micka/orlsurg/ros2_ws/install/lib/python3.12/site-packages/ear_msgs/action/_plan_path.py
-- Installing: /home/micka/orlsurg/ros2_ws/install/lib/python3.12/site-packages/ear_msgs/action/__init__.py
-- Installing: /home/micka/orlsurg/ros2_ws/install/lib/python3.12/site-packages/ear_msgs/srv
-- Installing: /home/micka/orlsurg/ros2_ws/install/lib/python3.12/site-packages/ear_msgs/srv/_segment_ear.py
-- Installing: /home/micka/orlsurg/ros2_ws/install/lib/python3.12/site-packages/ear_msgs/srv/_centerline.py
-- Installing: /home/micka/orlsurg/ros2_ws/install/lib/python3.12/site-packages/ear_msgs/srv/_centerline_s.c
-- Installing: /home/micka/orlsurg/ros2_ws/install/lib/python3.12/site-packages/ear_msgs/srv/_register_s.c
-- Installing: /home/micka/orlsurg/ros2_ws/install/lib/python3.12/site-packages/ear_msgs/srv/_register.py
-- Installing: /home/micka/orlsurg/ros2_ws/install/lib/python3.12/site-packages/ear_msgs/srv/_segment_ear_s.c
-- Installing: /home/micka/orlsurg/ros2_ws/install/lib/python3.12/site-packages/ear_msgs/srv/__init__.py
-- Installing: /home/micka/orlsurg/ros2_ws/install/lib/python3.12/site-packages/ear_msgs/ear_msgs_s__rosidl_typesupport_c.so
-- Installing: /home/micka/orlsurg/ros2_ws/install/lib/python3.12/site-packages/ear_msgs/ear_msgs_s__rosidl_typesupport_fastrtps_c.so
-- Installing: /home/micka/orlsurg/ros2_ws/install/lib/python3.12/site-packages/ear_msgs/_ear_msgs_s.ep.rosidl_typesupport_c.c
-- Installing: /home/micka/orlsurg/ros2_ws/install/lib/python3.12/site-packages/ear_msgs/_ear_msgs_s.ep.rosidl_typesupport_introspection_c.c
-- Installing: /home/micka/orlsurg/ros2_ws/install/lib/python3.12/site-packages/ear_msgs/ear_msgs_s__rosidl_typesupport_introspection_c.so
-- Installing: /home/micka/orlsurg/ros2_ws/install/lib/python3.12/site-packages/ear_msgs/__init__.py
Listing '/home/micka/orlsurg/ros2_ws/install/lib/python3.12/site-packages/ear_msgs'...
Compiling '/home/micka/orlsurg/ros2_ws/install/lib/python3.12/site-packages/ear_msgs/__init__.py'...
Listing '/home/micka/orlsurg/ros2_ws/install/lib/python3.12/site-packages/ear_msgs/action'...
Compiling '/home/micka/orlsurg/ros2_ws/install/lib/python3.12/site-packages/ear_msgs/action/__init__.py'...
Compiling '/home/micka/orlsurg/ros2_ws/install/lib/python3.12/site-packages/ear_msgs/action/_plan_path.py'...
Listing '/home/micka/orlsurg/ros2_ws/install/lib/python3.12/site-packages/ear_msgs/srv'...
Compiling '/home/micka/orlsurg/ros2_ws/install/lib/python3.12/site-packages/ear_msgs/srv/__init__.py'...
Compiling '/home/micka/orlsurg/ros2_ws/install/lib/python3.12/site-packages/ear_msgs/srv/_centerline.py'...
Compiling '/home/micka/orlsurg/ros2_ws/install/lib/python3.12/site-packages/ear_msgs/srv/_register.py'...
Compiling '/home/micka/orlsurg/ros2_ws/install/lib/python3.12/site-packages/ear_msgs/srv/_segment_ear.py'...
-- Installing: /home/micka/orlsurg/ros2_ws/install/lib/python3.12/site-packages/ear_msgs/ear_msgs_s__rosidl_typesupport_fastrtps_c.so
-- Set non-toolchain portion of runtime path of "/home/micka/orlsurg/ros2_ws/install/lib/python3.12/site-packages/ear_msgs/ear_msgs_s__rosidl_typesupport_fastrtps_c.so" to ""
-- Installing: /home/micka/orlsurg/ros2_ws/install/lib/python3.12/site-packages/ear_msgs/ear_msgs_s__rosidl_typesupport_introspection_c.so
-- Set non-toolchain portion of runtime path of "/home/micka/orlsurg/ros2_ws/install/lib/python3.12/site-packages/ear_msgs/ear_msgs_s__rosidl_typesupport_introspection_c.so" to ""
-- Installing: /home/micka/orlsurg/ros2_ws/install/lib/python3.12/site-packages/ear_msgs/ear_msgs_s__rosidl_typesupport_c.so
-- Set non-toolchain portion of runtime path of "/home/micka/orlsurg/ros2_ws/install/lib/python3.12/site-packages/ear_msgs/ear_msgs_s__rosidl_typesupport_c.so" to ""
-- Installing: /home/micka/orlsurg/ros2_ws/install/lib/libear_msgs__rosidl_generator_py.so
-- Set non-toolchain portion of runtime path of "/home/micka/orlsurg/ros2_ws/install/lib/libear_msgs__rosidl_generator_py.so" to ""
-- Installing: /home/micka/orlsurg/ros2_ws/install/share/ear_msgs/srv/SegmentEar.idl
-- Installing: /home/micka/orlsurg/ros2_ws/install/share/ear_msgs/srv/Centerline.idl
-- Installing: /home/micka/orlsurg/ros2_ws/install/share/ear_msgs/srv/Register.idl
-- Installing: /home/micka/orlsurg/ros2_ws/install/share/ear_msgs/action/PlanPath.idl
-- Installing: /home/micka/orlsurg/ros2_ws/install/share/ear_msgs/srv/SegmentEar.srv
-- Installing: /home/micka/orlsurg/ros2_ws/install/share/ear_msgs/srv/Centerline.srv
-- Installing: /home/micka/orlsurg/ros2_ws/install/share/ear_msgs/srv/Register.srv
-- Installing: /home/micka/orlsurg/ros2_ws/install/share/ear_msgs/action/PlanPath.action
-- Installing: /home/micka/orlsurg/ros2_ws/install/share/ear_msgs/package.xml
-- Up-to-date: /home/micka/orlsurg/ros2_ws/install/share/ament_index/resource_index/packages
-- Installing: /home/micka/orlsurg/ros2_ws/install/share/ament_index/resource_index/packages/ear_msgs
-- Installing: /home/micka/orlsurg/ros2_ws/install/share/ament_index/resource_index/package_run_dependencies/ear_msgs
-- Installing: /home/micka/orlsurg/ros2_ws/install/share/ament_index/resource_index/parent_prefix_path/ear_msgs
-- Installing: /home/micka/orlsurg/ros2_ws/install/share/ear_msgs/environment/ament_prefix_path.sh
-- Installing: /home/micka/orlsurg/ros2_ws/install/share/ear_msgs/environment/ament_prefix_path.dsv
-- Installing: /home/micka/orlsurg/ros2_ws/install/share/ear_msgs/environment/path.sh
-- Installing: /home/micka/orlsurg/ros2_ws/install/share/ear_msgs/environment/path.dsv
-- Installing: /home/micka/orlsurg/ros2_ws/install/share/ear_msgs/local_setup.bash
-- Installing: /home/micka/orlsurg/ros2_ws/install/share/ear_msgs/local_setup.sh
-- Installing: /home/micka/orlsurg/ros2_ws/install/share/ear_msgs/local_setup.zsh
-- Installing: /home/micka/orlsurg/ros2_ws/install/share/ear_msgs/local_setup.dsv
-- Installing: /home/micka/orlsurg/ros2_ws/install/share/ear_msgs/package.dsv
-- Installing: /home/micka/orlsurg/ros2_ws/install/share/ament_index/resource_index/packages/ear_msgs
-- Installing: /home/micka/orlsurg/ros2_ws/install/share/ear_msgs/cmake/export_ear_msgs__rosidl_generator_cExport.cmake
-- Installing: /home/micka/orlsurg/ros2_ws/install/share/ear_msgs/cmake/export_ear_msgs__rosidl_generator_cExport-noconfig.cmake
-- Installing: /home/micka/orlsurg/ros2_ws/install/share/ear_msgs/cmake/export_ear_msgs__rosidl_typesupport_fastrtps_cExport.cmake
-- Installing: /home/micka/orlsurg/ros2_ws/install/share/ear_msgs/cmake/export_ear_msgs__rosidl_typesupport_fastrtps_cExport-noconfig.cmake
-- Installing: /home/micka/orlsurg/ros2_ws/install/share/ear_msgs/cmake/ear_msgs__rosidl_typesupport_introspection_cExport.cmake
-- Installing: /home/micka/orlsurg/ros2_ws/install/share/ear_msgs/cmake/ear_msgs__rosidl_typesupport_introspection_cExport-noconfig.cmake
-- Installing: /home/micka/orlsurg/ros2_ws/install/share/ear_msgs/cmake/ear_msgs__rosidl_typesupport_cExport.cmake
-- Installing: /home/micka/orlsurg/ros2_ws/install/share/ear_msgs/cmake/ear_msgs__rosidl_typesupport_cExport-noconfig.cmake
-- Installing: /home/micka/orlsurg/ros2_ws/install/share/ear_msgs/cmake/export_ear_msgs__rosidl_generator_cppExport.cmake
-- Installing: /home/micka/orlsurg/ros2_ws/install/share/ear_msgs/cmake/export_ear_msgs__rosidl_typesupport_fastrtps_cppExport.cmake
-- Installing: /home/micka/orlsurg/ros2_ws/install/share/ear_msgs/cmake/export_ear_msgs__rosidl_typesupport_fastrtps_cppExport-noconfig.cmake
-- Installing: /home/micka/orlsurg/ros2_ws/install/share/ear_msgs/cmake/ear_msgs__rosidl_typesupport_introspection_cppExport.cmake
-- Installing: /home/micka/orlsurg/ros2_ws/install/share/ear_msgs/cmake/ear_msgs__rosidl_typesupport_introspection_cppExport-noconfig.cmake
-- Installing: /home/micka/orlsurg/ros2_ws/install/share/ear_msgs/cmake/ear_msgs__rosidl_typesupport_cppExport.cmake
-- Installing: /home/micka/orlsurg/ros2_ws/install/share/ear_msgs/cmake/ear_msgs__rosidl_typesupport_cppExport-noconfig.cmake
-- Installing: /home/micka/orlsurg/ros2_ws/install/share/ear_msgs/cmake/export_ear_msgs__rosidl_generator_pyExport.cmake
-- Installing: /home/micka/orlsurg/ros2_ws/install/share/ear_msgs/cmake/export_ear_msgs__rosidl_generator_pyExport-noconfig.cmake
-- Installing: /home/micka/orlsurg/ros2_ws/install/share/ear_msgs/cmake/rosidl_cmake-extras.cmake
-- Installing: /home/micka/orlsurg/ros2_ws/install/share/ear_msgs/cmake/ament_cmake_export_dependencies-extras.cmake
-- Installing: /home/micka/orlsurg/ros2_ws/install/share/ear_msgs/cmake/ament_cmake_export_include_directories-extras.cmake
-- Installing: /home/micka/orlsurg/ros2_ws/install/share/ear_msgs/cmake/ament_cmake_export_libraries-extras.cmake
-- Installing: /home/micka/orlsurg/ros2_ws/install/share/ear_msgs/cmake/ament_cmake_export_targets-extras.cmake
-- Installing: /home/micka/orlsurg/ros2_ws/install/share/ear_msgs/cmake/rosidl_cmake_export_typesupport_targets-extras.cmake
-- Installing: /home/micka/orlsurg/ros2_ws/install/share/ear_msgs/cmake/rosidl_cmake_export_typesupport_libraries-extras.cmake
-- Installing: /home/micka/orlsurg/ros2_ws/install/share/ear_msgs/cmake/ear_msgsConfig.cmake
-- Installing: /home/micka/orlsurg/ros2_ws/install/share/ear_msgs/cmake/ear_msgsConfig-version.cmake
-- Up-to-date: /home/micka/orlsurg/ros2_ws/install/share/ear_msgs/package.xml
