[0.114s] DEBUG:colcon:Command line arguments: ['/usr/bin/colcon', 'build', '--merge-install', '--symlink-install']
[0.114s] DEBUG:colcon:Parsed command line arguments: Namespace(log_base=None, log_level=None, verb_name='build', build_base='build', install_base='install', merge_install=True, symlink_install=True, test_result_base=None, continue_on_error=False, executor='parallel', parallel_workers=12, event_handlers=None, ignore_user_meta=False, metas=['./colcon.meta'], base_paths=['.'], packages_ignore=None, packages_ignore_regex=None, paths=None, packages_up_to=None, packages_up_to_regex=None, packages_above=None, packages_above_and_dependencies=None, packages_above_depth=None, packages_select_by_dep=None, packages_skip_by_dep=None, packages_skip_up_to=None, packages_select_build_failed=False, packages_skip_build_finished=False, packages_select_test_failures=False, packages_skip_test_passed=False, packages_select=None, packages_skip=None, packages_select_regex=None, packages_skip_regex=None, packages_start=None, packages_end=None, allow_overriding=[], cmake_args=None, cmake_target=None, cmake_target_skip_unavailable=False, cmake_clean_cache=False, cmake_clean_first=False, cmake_force_configure=False, ament_cmake_args=None, catkin_cmake_args=None, catkin_skip_building_tests=False, mixin_files=None, mixin=None, verb_parser=<colcon_mixin.mixin.mixin_argument.MixinArgumentDecorator object at 0x7c117508ee40>, verb_extension=<colcon_core.verb.build.BuildVerb object at 0x7c11751bb2c0>, main=<bound method BuildVerb.main of <colcon_core.verb.build.BuildVerb object at 0x7c11751bb2c0>>, mixin_verb=('build',))
[0.145s] Level 1:colcon.colcon_core.package_discovery:discover_packages(colcon_meta) check parameters
[0.145s] Level 1:colcon.colcon_core.package_discovery:discover_packages(recursive) check parameters
[0.145s] Level 1:colcon.colcon_core.package_discovery:discover_packages(ignore) check parameters
[0.145s] Level 1:colcon.colcon_core.package_discovery:discover_packages(path) check parameters
[0.145s] Level 1:colcon.colcon_core.package_discovery:discover_packages(colcon_meta) discover
[0.145s] Level 1:colcon.colcon_core.package_discovery:discover_packages(recursive) discover
[0.145s] INFO:colcon.colcon_core.package_discovery:Crawling recursively for packages in '/home/micka/orlsurg/ros2_ws'
[0.145s] Level 1:colcon.colcon_core.package_identification:_identify(.) by extensions ['ignore', 'ignore_ament_install']
[0.146s] Level 1:colcon.colcon_core.package_identification:_identify(.) by extension 'ignore'
[0.146s] Level 1:colcon.colcon_core.package_identification:_identify(.) by extension 'ignore_ament_install'
[0.146s] Level 1:colcon.colcon_core.package_identification:_identify(.) by extensions ['colcon_pkg']
[0.146s] Level 1:colcon.colcon_core.package_identification:_identify(.) by extension 'colcon_pkg'
[0.146s] Level 1:colcon.colcon_core.package_identification:_identify(.) by extensions ['colcon_meta']
[0.146s] Level 1:colcon.colcon_core.package_identification:_identify(.) by extension 'colcon_meta'
[0.146s] Level 1:colcon.colcon_core.package_identification:_identify(.) by extensions ['ros']
[0.146s] Level 1:colcon.colcon_core.package_identification:_identify(.) by extension 'ros'
[0.164s] Level 1:colcon.colcon_core.package_identification:_identify(.) by extensions ['cmake', 'python']
[0.164s] Level 1:colcon.colcon_core.package_identification:_identify(.) by extension 'cmake'
[0.164s] Level 1:colcon.colcon_core.package_identification:_identify(.) by extension 'python'
[0.164s] Level 1:colcon.colcon_core.package_identification:_identify(.) by extensions ['python_setup_py']
[0.164s] Level 1:colcon.colcon_core.package_identification:_identify(.) by extension 'python_setup_py'
[0.165s] Level 1:colcon.colcon_core.package_identification:_identify(build) by extensions ['ignore', 'ignore_ament_install']
[0.165s] Level 1:colcon.colcon_core.package_identification:_identify(build) by extension 'ignore'
[0.165s] Level 1:colcon.colcon_core.package_identification:_identify(build) ignored
[0.165s] Level 1:colcon.colcon_core.package_identification:_identify(data) by extensions ['ignore', 'ignore_ament_install']
[0.165s] Level 1:colcon.colcon_core.package_identification:_identify(data) by extension 'ignore'
[0.165s] Level 1:colcon.colcon_core.package_identification:_identify(data) by extension 'ignore_ament_install'
[0.165s] Level 1:colcon.colcon_core.package_identification:_identify(data) by extensions ['colcon_pkg']
[0.165s] Level 1:colcon.colcon_core.package_identification:_identify(data) by extension 'colcon_pkg'
[0.165s] Level 1:colcon.colcon_core.package_identification:_identify(data) by extensions ['colcon_meta']
[0.165s] Level 1:colcon.colcon_core.package_identification:_identify(data) by extension 'colcon_meta'
[0.165s] Level 1:colcon.colcon_core.package_identification:_identify(data) by extensions ['ros']
[0.165s] Level 1:colcon.colcon_core.package_identification:_identify(data) by extension 'ros'
[0.165s] Level 1:colcon.colcon_core.package_identification:_identify(data) by extensions ['cmake', 'python']
[0.165s] Level 1:colcon.colcon_core.package_identification:_identify(data) by extension 'cmake'
[0.165s] Level 1:colcon.colcon_core.package_identification:_identify(data) by extension 'python'
[0.165s] Level 1:colcon.colcon_core.package_identification:_identify(data) by extensions ['python_setup_py']
[0.165s] Level 1:colcon.colcon_core.package_identification:_identify(data) by extension 'python_setup_py'
[0.165s] Level 1:colcon.colcon_core.package_identification:_identify(data/mri_processed) by extensions ['ignore', 'ignore_ament_install']
[0.165s] Level 1:colcon.colcon_core.package_identification:_identify(data/mri_processed) by extension 'ignore'
[0.165s] Level 1:colcon.colcon_core.package_identification:_identify(data/mri_processed) by extension 'ignore_ament_install'
[0.165s] Level 1:colcon.colcon_core.package_identification:_identify(data/mri_processed) by extensions ['colcon_pkg']
[0.165s] Level 1:colcon.colcon_core.package_identification:_identify(data/mri_processed) by extension 'colcon_pkg'
[0.165s] Level 1:colcon.colcon_core.package_identification:_identify(data/mri_processed) by extensions ['colcon_meta']
[0.165s] Level 1:colcon.colcon_core.package_identification:_identify(data/mri_processed) by extension 'colcon_meta'
[0.165s] Level 1:colcon.colcon_core.package_identification:_identify(data/mri_processed) by extensions ['ros']
[0.165s] Level 1:colcon.colcon_core.package_identification:_identify(data/mri_processed) by extension 'ros'
[0.165s] Level 1:colcon.colcon_core.package_identification:_identify(data/mri_processed) by extensions ['cmake', 'python']
[0.165s] Level 1:colcon.colcon_core.package_identification:_identify(data/mri_processed) by extension 'cmake'
[0.165s] Level 1:colcon.colcon_core.package_identification:_identify(data/mri_processed) by extension 'python'
[0.165s] Level 1:colcon.colcon_core.package_identification:_identify(data/mri_processed) by extensions ['python_setup_py']
[0.165s] Level 1:colcon.colcon_core.package_identification:_identify(data/mri_processed) by extension 'python_setup_py'
[0.165s] Level 1:colcon.colcon_core.package_identification:_identify(data/mri_raw) by extensions ['ignore', 'ignore_ament_install']
[0.165s] Level 1:colcon.colcon_core.package_identification:_identify(data/mri_raw) by extension 'ignore'
[0.165s] Level 1:colcon.colcon_core.package_identification:_identify(data/mri_raw) by extension 'ignore_ament_install'
[0.165s] Level 1:colcon.colcon_core.package_identification:_identify(data/mri_raw) by extensions ['colcon_pkg']
[0.165s] Level 1:colcon.colcon_core.package_identification:_identify(data/mri_raw) by extension 'colcon_pkg'
[0.165s] Level 1:colcon.colcon_core.package_identification:_identify(data/mri_raw) by extensions ['colcon_meta']
[0.165s] Level 1:colcon.colcon_core.package_identification:_identify(data/mri_raw) by extension 'colcon_meta'
[0.165s] Level 1:colcon.colcon_core.package_identification:_identify(data/mri_raw) by extensions ['ros']
[0.165s] Level 1:colcon.colcon_core.package_identification:_identify(data/mri_raw) by extension 'ros'
[0.165s] Level 1:colcon.colcon_core.package_identification:_identify(data/mri_raw) by extensions ['cmake', 'python']
[0.165s] Level 1:colcon.colcon_core.package_identification:_identify(data/mri_raw) by extension 'cmake'
[0.166s] Level 1:colcon.colcon_core.package_identification:_identify(data/mri_raw) by extension 'python'
[0.166s] Level 1:colcon.colcon_core.package_identification:_identify(data/mri_raw) by extensions ['python_setup_py']
[0.166s] Level 1:colcon.colcon_core.package_identification:_identify(data/mri_raw) by extension 'python_setup_py'
[0.166s] Level 1:colcon.colcon_core.package_identification:_identify(data/tmp) by extensions ['ignore', 'ignore_ament_install']
[0.166s] Level 1:colcon.colcon_core.package_identification:_identify(data/tmp) by extension 'ignore'
[0.166s] Level 1:colcon.colcon_core.package_identification:_identify(data/tmp) by extension 'ignore_ament_install'
[0.166s] Level 1:colcon.colcon_core.package_identification:_identify(data/tmp) by extensions ['colcon_pkg']
[0.166s] Level 1:colcon.colcon_core.package_identification:_identify(data/tmp) by extension 'colcon_pkg'
[0.166s] Level 1:colcon.colcon_core.package_identification:_identify(data/tmp) by extensions ['colcon_meta']
[0.166s] Level 1:colcon.colcon_core.package_identification:_identify(data/tmp) by extension 'colcon_meta'
[0.166s] Level 1:colcon.colcon_core.package_identification:_identify(data/tmp) by extensions ['ros']
[0.166s] Level 1:colcon.colcon_core.package_identification:_identify(data/tmp) by extension 'ros'
[0.166s] Level 1:colcon.colcon_core.package_identification:_identify(data/tmp) by extensions ['cmake', 'python']
[0.166s] Level 1:colcon.colcon_core.package_identification:_identify(data/tmp) by extension 'cmake'
[0.166s] Level 1:colcon.colcon_core.package_identification:_identify(data/tmp) by extension 'python'
[0.166s] Level 1:colcon.colcon_core.package_identification:_identify(data/tmp) by extensions ['python_setup_py']
[0.166s] Level 1:colcon.colcon_core.package_identification:_identify(data/tmp) by extension 'python_setup_py'
[0.166s] Level 1:colcon.colcon_core.package_identification:_identify(install) by extensions ['ignore', 'ignore_ament_install']
[0.166s] Level 1:colcon.colcon_core.package_identification:_identify(install) by extension 'ignore'
[0.166s] Level 1:colcon.colcon_core.package_identification:_identify(install) ignored
[0.166s] Level 1:colcon.colcon_core.package_identification:_identify(log) by extensions ['ignore', 'ignore_ament_install']
[0.166s] Level 1:colcon.colcon_core.package_identification:_identify(log) by extension 'ignore'
[0.166s] Level 1:colcon.colcon_core.package_identification:_identify(log) ignored
[0.166s] Level 1:colcon.colcon_core.package_identification:_identify(src) by extensions ['ignore', 'ignore_ament_install']
[0.166s] Level 1:colcon.colcon_core.package_identification:_identify(src) by extension 'ignore'
[0.166s] Level 1:colcon.colcon_core.package_identification:_identify(src) by extension 'ignore_ament_install'
[0.166s] Level 1:colcon.colcon_core.package_identification:_identify(src) by extensions ['colcon_pkg']
[0.166s] Level 1:colcon.colcon_core.package_identification:_identify(src) by extension 'colcon_pkg'
[0.166s] Level 1:colcon.colcon_core.package_identification:_identify(src) by extensions ['colcon_meta']
[0.166s] Level 1:colcon.colcon_core.package_identification:_identify(src) by extension 'colcon_meta'
[0.166s] Level 1:colcon.colcon_core.package_identification:_identify(src) by extensions ['ros']
[0.166s] Level 1:colcon.colcon_core.package_identification:_identify(src) by extension 'ros'
[0.166s] Level 1:colcon.colcon_core.package_identification:_identify(src) by extensions ['cmake', 'python']
[0.166s] Level 1:colcon.colcon_core.package_identification:_identify(src) by extension 'cmake'
[0.166s] Level 1:colcon.colcon_core.package_identification:_identify(src) by extension 'python'
[0.166s] Level 1:colcon.colcon_core.package_identification:_identify(src) by extensions ['python_setup_py']
[0.166s] Level 1:colcon.colcon_core.package_identification:_identify(src) by extension 'python_setup_py'
[0.166s] Level 1:colcon.colcon_core.package_identification:_identify(src/ear_centerline) by extensions ['ignore', 'ignore_ament_install']
[0.166s] Level 1:colcon.colcon_core.package_identification:_identify(src/ear_centerline) by extension 'ignore'
[0.166s] Level 1:colcon.colcon_core.package_identification:_identify(src/ear_centerline) by extension 'ignore_ament_install'
[0.166s] Level 1:colcon.colcon_core.package_identification:_identify(src/ear_centerline) by extensions ['colcon_pkg']
[0.166s] Level 1:colcon.colcon_core.package_identification:_identify(src/ear_centerline) by extension 'colcon_pkg'
[0.166s] Level 1:colcon.colcon_core.package_identification:_identify(src/ear_centerline) by extensions ['colcon_meta']
[0.166s] Level 1:colcon.colcon_core.package_identification:_identify(src/ear_centerline) by extension 'colcon_meta'
[0.166s] Level 1:colcon.colcon_core.package_identification:_identify(src/ear_centerline) by extensions ['ros']
[0.166s] Level 1:colcon.colcon_core.package_identification:_identify(src/ear_centerline) by extension 'ros'
[0.168s] DEBUG:colcon.colcon_core.package_identification:Package 'src/ear_centerline' with type 'ros.catkin' and name 'ear_centerline'
[0.168s] Level 1:colcon.colcon_core.package_identification:_identify(src/ear_msgs) by extensions ['ignore', 'ignore_ament_install']
[0.168s] Level 1:colcon.colcon_core.package_identification:_identify(src/ear_msgs) by extension 'ignore'
[0.168s] Level 1:colcon.colcon_core.package_identification:_identify(src/ear_msgs) by extension 'ignore_ament_install'
[0.168s] Level 1:colcon.colcon_core.package_identification:_identify(src/ear_msgs) by extensions ['colcon_pkg']
[0.168s] Level 1:colcon.colcon_core.package_identification:_identify(src/ear_msgs) by extension 'colcon_pkg'
[0.168s] Level 1:colcon.colcon_core.package_identification:_identify(src/ear_msgs) by extensions ['colcon_meta']
[0.168s] Level 1:colcon.colcon_core.package_identification:_identify(src/ear_msgs) by extension 'colcon_meta'
[0.168s] Level 1:colcon.colcon_core.package_identification:_identify(src/ear_msgs) by extensions ['ros']
[0.168s] Level 1:colcon.colcon_core.package_identification:_identify(src/ear_msgs) by extension 'ros'
[0.168s] DEBUG:colcon.colcon_core.package_identification:Package 'src/ear_msgs' with type 'ros.catkin' and name 'ear_msgs'
[0.168s] Level 1:colcon.colcon_core.package_identification:_identify(src/ear_planner) by extensions ['ignore', 'ignore_ament_install']
[0.169s] Level 1:colcon.colcon_core.package_identification:_identify(src/ear_planner) by extension 'ignore'
[0.169s] Level 1:colcon.colcon_core.package_identification:_identify(src/ear_planner) by extension 'ignore_ament_install'
[0.169s] Level 1:colcon.colcon_core.package_identification:_identify(src/ear_planner) by extensions ['colcon_pkg']
[0.169s] Level 1:colcon.colcon_core.package_identification:_identify(src/ear_planner) by extension 'colcon_pkg'
[0.169s] Level 1:colcon.colcon_core.package_identification:_identify(src/ear_planner) by extensions ['colcon_meta']
[0.169s] Level 1:colcon.colcon_core.package_identification:_identify(src/ear_planner) by extension 'colcon_meta'
[0.169s] Level 1:colcon.colcon_core.package_identification:_identify(src/ear_planner) by extensions ['ros']
[0.169s] Level 1:colcon.colcon_core.package_identification:_identify(src/ear_planner) by extension 'ros'
[0.169s] DEBUG:colcon.colcon_core.package_identification:Package 'src/ear_planner' with type 'ros.catkin' and name 'ear_planner'
[0.169s] Level 1:colcon.colcon_core.package_identification:_identify(src/ear_segmentation) by extensions ['ignore', 'ignore_ament_install']
[0.169s] Level 1:colcon.colcon_core.package_identification:_identify(src/ear_segmentation) by extension 'ignore'
[0.169s] Level 1:colcon.colcon_core.package_identification:_identify(src/ear_segmentation) by extension 'ignore_ament_install'
[0.169s] Level 1:colcon.colcon_core.package_identification:_identify(src/ear_segmentation) by extensions ['colcon_pkg']
[0.169s] Level 1:colcon.colcon_core.package_identification:_identify(src/ear_segmentation) by extension 'colcon_pkg'
[0.169s] Level 1:colcon.colcon_core.package_identification:_identify(src/ear_segmentation) by extensions ['colcon_meta']
[0.169s] Level 1:colcon.colcon_core.package_identification:_identify(src/ear_segmentation) by extension 'colcon_meta'
[0.169s] Level 1:colcon.colcon_core.package_identification:_identify(src/ear_segmentation) by extensions ['ros']
[0.169s] Level 1:colcon.colcon_core.package_identification:_identify(src/ear_segmentation) by extension 'ros'
[0.170s] DEBUG:colcon.colcon_core.package_identification:Package 'src/ear_segmentation' with type 'ros.catkin' and name 'ear_segmentation'
[0.170s] Level 1:colcon.colcon_core.package_discovery:discover_packages(recursive) using defaults
[0.170s] Level 1:colcon.colcon_core.package_discovery:discover_packages(ignore) discover
[0.170s] Level 1:colcon.colcon_core.package_discovery:discover_packages(ignore) using defaults
[0.170s] Level 1:colcon.colcon_core.package_discovery:discover_packages(path) discover
[0.170s] Level 1:colcon.colcon_core.package_discovery:discover_packages(path) using defaults
[0.182s] Level 1:colcon.colcon_core.package_discovery:discover_packages(prefix_path) check parameters
[0.182s] Level 1:colcon.colcon_core.package_discovery:discover_packages(prefix_path) discover
[0.183s] DEBUG:colcon.colcon_installed_package_information.package_discovery:Found 0 installed packages in /home/micka/orlsurg/ros2_ws/install
[0.185s] DEBUG:colcon.colcon_installed_package_information.package_discovery:Found 285 installed packages in /opt/ros/jazzy
[0.186s] Level 1:colcon.colcon_core.package_discovery:discover_packages(prefix_path) using defaults
[0.211s] Level 5:colcon.colcon_core.verb:set package 'ear_centerline' build argument 'cmake_args' from command line to 'None'
[0.211s] Level 5:colcon.colcon_core.verb:set package 'ear_centerline' build argument 'cmake_target' from command line to 'None'
[0.211s] Level 5:colcon.colcon_core.verb:set package 'ear_centerline' build argument 'cmake_target_skip_unavailable' from command line to 'False'
[0.211s] Level 5:colcon.colcon_core.verb:set package 'ear_centerline' build argument 'cmake_clean_cache' from command line to 'False'
[0.211s] Level 5:colcon.colcon_core.verb:set package 'ear_centerline' build argument 'cmake_clean_first' from command line to 'False'
[0.211s] Level 5:colcon.colcon_core.verb:set package 'ear_centerline' build argument 'cmake_force_configure' from command line to 'False'
[0.211s] Level 5:colcon.colcon_core.verb:set package 'ear_centerline' build argument 'ament_cmake_args' from command line to 'None'
[0.211s] Level 5:colcon.colcon_core.verb:set package 'ear_centerline' build argument 'catkin_cmake_args' from command line to 'None'
[0.211s] Level 5:colcon.colcon_core.verb:set package 'ear_centerline' build argument 'catkin_skip_building_tests' from command line to 'False'
[0.211s] DEBUG:colcon.colcon_core.verb:Building package 'ear_centerline' with the following arguments: {'ament_cmake_args': None, 'build_base': '/home/micka/orlsurg/ros2_ws/build/ear_centerline', 'catkin_cmake_args': None, 'catkin_skip_building_tests': False, 'cmake_args': None, 'cmake_clean_cache': False, 'cmake_clean_first': False, 'cmake_force_configure': False, 'cmake_target': None, 'cmake_target_skip_unavailable': False, 'install_base': '/home/micka/orlsurg/ros2_ws/install', 'merge_install': True, 'path': '/home/micka/orlsurg/ros2_ws/src/ear_centerline', 'symlink_install': True, 'test_result_base': None}
[0.212s] Level 5:colcon.colcon_core.verb:set package 'ear_msgs' build argument 'cmake_args' from command line to 'None'
[0.212s] Level 5:colcon.colcon_core.verb:set package 'ear_msgs' build argument 'cmake_target' from command line to 'None'
[0.212s] Level 5:colcon.colcon_core.verb:set package 'ear_msgs' build argument 'cmake_target_skip_unavailable' from command line to 'False'
[0.212s] Level 5:colcon.colcon_core.verb:set package 'ear_msgs' build argument 'cmake_clean_cache' from command line to 'False'
[0.212s] Level 5:colcon.colcon_core.verb:set package 'ear_msgs' build argument 'cmake_clean_first' from command line to 'False'
[0.212s] Level 5:colcon.colcon_core.verb:set package 'ear_msgs' build argument 'cmake_force_configure' from command line to 'False'
[0.212s] Level 5:colcon.colcon_core.verb:set package 'ear_msgs' build argument 'ament_cmake_args' from command line to 'None'
[0.212s] Level 5:colcon.colcon_core.verb:set package 'ear_msgs' build argument 'catkin_cmake_args' from command line to 'None'
[0.212s] Level 5:colcon.colcon_core.verb:set package 'ear_msgs' build argument 'catkin_skip_building_tests' from command line to 'False'
[0.212s] DEBUG:colcon.colcon_core.verb:Building package 'ear_msgs' with the following arguments: {'ament_cmake_args': None, 'build_base': '/home/micka/orlsurg/ros2_ws/build/ear_msgs', 'catkin_cmake_args': None, 'catkin_skip_building_tests': False, 'cmake_args': None, 'cmake_clean_cache': False, 'cmake_clean_first': False, 'cmake_force_configure': False, 'cmake_target': None, 'cmake_target_skip_unavailable': False, 'install_base': '/home/micka/orlsurg/ros2_ws/install', 'merge_install': True, 'path': '/home/micka/orlsurg/ros2_ws/src/ear_msgs', 'symlink_install': True, 'test_result_base': None}
[0.212s] Level 5:colcon.colcon_core.verb:set package 'ear_planner' build argument 'cmake_args' from command line to 'None'
[0.212s] Level 5:colcon.colcon_core.verb:set package 'ear_planner' build argument 'cmake_target' from command line to 'None'
[0.212s] Level 5:colcon.colcon_core.verb:set package 'ear_planner' build argument 'cmake_target_skip_unavailable' from command line to 'False'
[0.212s] Level 5:colcon.colcon_core.verb:set package 'ear_planner' build argument 'cmake_clean_cache' from command line to 'False'
[0.212s] Level 5:colcon.colcon_core.verb:set package 'ear_planner' build argument 'cmake_clean_first' from command line to 'False'
[0.212s] Level 5:colcon.colcon_core.verb:set package 'ear_planner' build argument 'cmake_force_configure' from command line to 'False'
[0.212s] Level 5:colcon.colcon_core.verb:set package 'ear_planner' build argument 'ament_cmake_args' from command line to 'None'
[0.212s] Level 5:colcon.colcon_core.verb:set package 'ear_planner' build argument 'catkin_cmake_args' from command line to 'None'
[0.212s] Level 5:colcon.colcon_core.verb:set package 'ear_planner' build argument 'catkin_skip_building_tests' from command line to 'False'
[0.212s] DEBUG:colcon.colcon_core.verb:Building package 'ear_planner' with the following arguments: {'ament_cmake_args': None, 'build_base': '/home/micka/orlsurg/ros2_ws/build/ear_planner', 'catkin_cmake_args': None, 'catkin_skip_building_tests': False, 'cmake_args': None, 'cmake_clean_cache': False, 'cmake_clean_first': False, 'cmake_force_configure': False, 'cmake_target': None, 'cmake_target_skip_unavailable': False, 'install_base': '/home/micka/orlsurg/ros2_ws/install', 'merge_install': True, 'path': '/home/micka/orlsurg/ros2_ws/src/ear_planner', 'symlink_install': True, 'test_result_base': None}
[0.212s] Level 5:colcon.colcon_core.verb:set package 'ear_segmentation' build argument 'cmake_args' from command line to 'None'
[0.212s] Level 5:colcon.colcon_core.verb:set package 'ear_segmentation' build argument 'cmake_target' from command line to 'None'
[0.212s] Level 5:colcon.colcon_core.verb:set package 'ear_segmentation' build argument 'cmake_target_skip_unavailable' from command line to 'False'
[0.212s] Level 5:colcon.colcon_core.verb:set package 'ear_segmentation' build argument 'cmake_clean_cache' from command line to 'False'
[0.212s] Level 5:colcon.colcon_core.verb:set package 'ear_segmentation' build argument 'cmake_clean_first' from command line to 'False'
[0.212s] Level 5:colcon.colcon_core.verb:set package 'ear_segmentation' build argument 'cmake_force_configure' from command line to 'False'
[0.212s] Level 5:colcon.colcon_core.verb:set package 'ear_segmentation' build argument 'ament_cmake_args' from command line to 'None'
[0.212s] Level 5:colcon.colcon_core.verb:set package 'ear_segmentation' build argument 'catkin_cmake_args' from command line to 'None'
[0.212s] Level 5:colcon.colcon_core.verb:set package 'ear_segmentation' build argument 'catkin_skip_building_tests' from command line to 'False'
[0.212s] DEBUG:colcon.colcon_core.verb:Building package 'ear_segmentation' with the following arguments: {'ament_cmake_args': None, 'build_base': '/home/micka/orlsurg/ros2_ws/build/ear_segmentation', 'catkin_cmake_args': None, 'catkin_skip_building_tests': False, 'cmake_args': None, 'cmake_clean_cache': False, 'cmake_clean_first': False, 'cmake_force_configure': False, 'cmake_target': None, 'cmake_target_skip_unavailable': False, 'install_base': '/home/micka/orlsurg/ros2_ws/install', 'merge_install': True, 'path': '/home/micka/orlsurg/ros2_ws/src/ear_segmentation', 'symlink_install': True, 'test_result_base': None}
[0.212s] INFO:colcon.colcon_core.executor:Executing jobs using 'parallel' executor
[0.213s] DEBUG:colcon.colcon_parallel_executor.executor.parallel:run_until_complete
[0.213s] INFO:colcon.colcon_ros.task.catkin.build:Building ROS package in '/home/micka/orlsurg/ros2_ws/src/ear_msgs' with build type 'catkin'
[0.213s] INFO:colcon.colcon_cmake.task.cmake.build:Building CMake package in '/home/micka/orlsurg/ros2_ws/src/ear_msgs'
[0.215s] INFO:colcon.colcon_core.plugin_system:Skipping extension 'colcon_core.shell.bat': Not used on non-Windows systems
[0.215s] INFO:colcon.colcon_core.shell:Skip shell extension 'powershell' for command environment: Not usable outside of PowerShell
[0.215s] DEBUG:colcon.colcon_core.shell:Skip shell extension 'dsv' for command environment
[0.218s] INFO:colcon.colcon_ros.task.catkin.build:Building ROS package in '/home/micka/orlsurg/ros2_ws/src/ear_centerline' with build type 'catkin'
[0.218s] INFO:colcon.colcon_cmake.task.cmake.build:Building CMake package in '/home/micka/orlsurg/ros2_ws/src/ear_centerline'
[0.218s] INFO:colcon.colcon_core.shell:Skip shell extension 'powershell' for command environment: Not usable outside of PowerShell
[0.218s] DEBUG:colcon.colcon_core.shell:Skip shell extension 'dsv' for command environment
[0.224s] DEBUG:colcon.colcon_core.event_handler.log_command:Invoking command in '/home/micka/orlsurg/ros2_ws/build/ear_msgs': /usr/bin/cmake /home/micka/orlsurg/ros2_ws/src/ear_msgs -DCATKIN_INSTALL_INTO_PREFIX_ROOT=0 -DCATKIN_SYMLINK_INSTALL=ON -DCMAKE_INSTALL_PREFIX=/home/micka/orlsurg/ros2_ws/install
[0.229s] DEBUG:colcon.colcon_core.event_handler.log_command:Invoking command in '/home/micka/orlsurg/ros2_ws/build/ear_centerline': /usr/bin/cmake /home/micka/orlsurg/ros2_ws/src/ear_centerline -DCATKIN_INSTALL_INTO_PREFIX_ROOT=0 -DCATKIN_SYMLINK_INSTALL=ON -DCMAKE_INSTALL_PREFIX=/home/micka/orlsurg/ros2_ws/install
[1.657s] DEBUG:colcon.colcon_core.event_handler.log_command:Invoked command in '/home/micka/orlsurg/ros2_ws/build/ear_centerline' returned '0': /usr/bin/cmake /home/micka/orlsurg/ros2_ws/src/ear_centerline -DCATKIN_INSTALL_INTO_PREFIX_ROOT=0 -DCATKIN_SYMLINK_INSTALL=ON -DCMAKE_INSTALL_PREFIX=/home/micka/orlsurg/ros2_ws/install
[1.658s] DEBUG:colcon.colcon_core.event_handler.log_command:Invoking command in '/home/micka/orlsurg/ros2_ws/build/ear_centerline': /usr/bin/cmake --build /home/micka/orlsurg/ros2_ws/build/ear_centerline -- -j12 -l12
[1.949s] DEBUG:colcon.colcon_core.event_handler.log_command:Invoked command in '/home/micka/orlsurg/ros2_ws/build/ear_centerline' returned '0': /usr/bin/cmake --build /home/micka/orlsurg/ros2_ws/build/ear_centerline -- -j12 -l12
[1.958s] DEBUG:colcon.colcon_core.event_handler.log_command:Invoking command in '/home/micka/orlsurg/ros2_ws/build/ear_centerline': /usr/bin/cmake --install /home/micka/orlsurg/ros2_ws/build/ear_centerline
[2.008s] DEBUG:colcon.colcon_core.event_handler.log_command:Invoked command in '/home/micka/orlsurg/ros2_ws/build/ear_centerline' returned '0': /usr/bin/cmake --install /home/micka/orlsurg/ros2_ws/build/ear_centerline
[2.008s] Level 1:colcon.colcon_core.shell:create_environment_hook('ear_centerline', 'ros_package_path')
[2.009s] INFO:colcon.colcon_core.shell:Creating environment hook '/home/micka/orlsurg/ros2_ws/install/share/ear_centerline/hook/ros_package_path.ps1'
[2.009s] INFO:colcon.colcon_core.shell:Creating environment descriptor '/home/micka/orlsurg/ros2_ws/install/share/ear_centerline/hook/ros_package_path.dsv'
[2.009s] INFO:colcon.colcon_core.shell:Creating environment hook '/home/micka/orlsurg/ros2_ws/install/share/ear_centerline/hook/ros_package_path.sh'
[2.010s] Level 1:colcon.colcon_ros.task.catkin:checking '/home/micka/orlsurg/ros2_ws/install/lib/python3.12/site-packages'
[2.010s] Level 1:colcon.colcon_core.shell:create_environment_hook('ear_centerline', 'catkin_pythonpath')
[2.010s] INFO:colcon.colcon_core.shell:Creating environment hook '/home/micka/orlsurg/ros2_ws/install/share/ear_centerline/hook/catkin_pythonpath.ps1'
[2.010s] INFO:colcon.colcon_core.shell:Creating environment descriptor '/home/micka/orlsurg/ros2_ws/install/share/ear_centerline/hook/catkin_pythonpath.dsv'
[2.010s] INFO:colcon.colcon_core.shell:Creating environment hook '/home/micka/orlsurg/ros2_ws/install/share/ear_centerline/hook/catkin_pythonpath.sh'
[2.011s] Level 1:colcon.colcon_core.shell:create_environment_hook('ear_centerline', 'pkg_config_path')
[2.011s] INFO:colcon.colcon_core.shell:Creating environment hook '/home/micka/orlsurg/ros2_ws/install/share/ear_centerline/hook/pkg_config_path.ps1'
[2.011s] INFO:colcon.colcon_core.shell:Creating environment descriptor '/home/micka/orlsurg/ros2_ws/install/share/ear_centerline/hook/pkg_config_path.dsv'
[2.011s] INFO:colcon.colcon_core.shell:Creating environment hook '/home/micka/orlsurg/ros2_ws/install/share/ear_centerline/hook/pkg_config_path.sh'
[2.013s] Level 1:colcon.colcon_core.shell:create_environment_hook('ear_centerline', 'pkg_config_path_multiarch')
[2.013s] INFO:colcon.colcon_core.shell:Creating environment hook '/home/micka/orlsurg/ros2_ws/install/share/ear_centerline/hook/pkg_config_path_multiarch.ps1'
[2.013s] INFO:colcon.colcon_core.shell:Creating environment descriptor '/home/micka/orlsurg/ros2_ws/install/share/ear_centerline/hook/pkg_config_path_multiarch.dsv'
[2.013s] INFO:colcon.colcon_core.shell:Creating environment hook '/home/micka/orlsurg/ros2_ws/install/share/ear_centerline/hook/pkg_config_path_multiarch.sh'
[2.014s] Level 1:colcon.colcon_core.environment:create_environment_scripts_only(ear_centerline)
[2.015s] Level 1:colcon.colcon_core.environment:checking '/home/micka/orlsurg/ros2_ws/install' for CMake module files
[2.016s] Level 1:colcon.colcon_core.environment:checking '/home/micka/orlsurg/ros2_ws/install' for CMake config files
[2.016s] Level 1:colcon.colcon_core.shell:create_environment_hook('ear_centerline', 'cmake_prefix_path')
[2.016s] INFO:colcon.colcon_core.shell:Creating environment hook '/home/micka/orlsurg/ros2_ws/install/share/ear_centerline/hook/cmake_prefix_path.ps1'
[2.016s] INFO:colcon.colcon_core.shell:Creating environment descriptor '/home/micka/orlsurg/ros2_ws/install/share/ear_centerline/hook/cmake_prefix_path.dsv'
[2.017s] INFO:colcon.colcon_core.shell:Creating environment hook '/home/micka/orlsurg/ros2_ws/install/share/ear_centerline/hook/cmake_prefix_path.sh'
[2.017s] Level 1:colcon.colcon_core.environment:checking '/home/micka/orlsurg/ros2_ws/install/lib'
[2.017s] Level 1:colcon.colcon_core.environment:checking '/home/micka/orlsurg/ros2_ws/install/bin'
[2.017s] Level 1:colcon.colcon_core.environment:checking '/home/micka/orlsurg/ros2_ws/install/lib/pkgconfig/ear_centerline.pc'
[2.017s] Level 1:colcon.colcon_core.environment:checking '/home/micka/orlsurg/ros2_ws/install/lib/python3.12/site-packages'
[2.018s] Level 1:colcon.colcon_core.shell:create_environment_hook('ear_centerline', 'pythonpath')
[2.018s] INFO:colcon.colcon_core.shell:Creating environment hook '/home/micka/orlsurg/ros2_ws/install/share/ear_centerline/hook/pythonpath.ps1'
[2.018s] INFO:colcon.colcon_core.shell:Creating environment descriptor '/home/micka/orlsurg/ros2_ws/install/share/ear_centerline/hook/pythonpath.dsv'
[2.018s] INFO:colcon.colcon_core.shell:Creating environment hook '/home/micka/orlsurg/ros2_ws/install/share/ear_centerline/hook/pythonpath.sh'
[2.019s] Level 1:colcon.colcon_core.environment:checking '/home/micka/orlsurg/ros2_ws/install/bin'
[2.019s] INFO:colcon.colcon_core.shell:Creating package script '/home/micka/orlsurg/ros2_ws/install/share/ear_centerline/package.ps1'
[2.019s] INFO:colcon.colcon_core.shell:Creating package descriptor '/home/micka/orlsurg/ros2_ws/install/share/ear_centerline/package.dsv'
[2.020s] INFO:colcon.colcon_core.shell:Creating package script '/home/micka/orlsurg/ros2_ws/install/share/ear_centerline/package.sh'
[2.020s] INFO:colcon.colcon_core.shell:Creating package script '/home/micka/orlsurg/ros2_ws/install/share/ear_centerline/package.bash'
[2.021s] INFO:colcon.colcon_core.shell:Creating package script '/home/micka/orlsurg/ros2_ws/install/share/ear_centerline/package.zsh'
[2.021s] Level 1:colcon.colcon_core.environment:create_file_with_runtime_dependencies(/home/micka/orlsurg/ros2_ws/install/share/colcon-core/packages/ear_centerline)
[3.604s] DEBUG:colcon.colcon_core.event_handler.log_command:Invoked command in '/home/micka/orlsurg/ros2_ws/build/ear_msgs' returned '0': /usr/bin/cmake /home/micka/orlsurg/ros2_ws/src/ear_msgs -DCATKIN_INSTALL_INTO_PREFIX_ROOT=0 -DCATKIN_SYMLINK_INSTALL=ON -DCMAKE_INSTALL_PREFIX=/home/micka/orlsurg/ros2_ws/install
[3.605s] DEBUG:colcon.colcon_core.event_handler.log_command:Invoking command in '/home/micka/orlsurg/ros2_ws/build/ear_msgs': /usr/bin/cmake --build /home/micka/orlsurg/ros2_ws/build/ear_msgs -- -j12 -l12
[7.623s] DEBUG:colcon.colcon_core.event_handler.log_command:Invoked command in '/home/micka/orlsurg/ros2_ws/build/ear_msgs' returned '0': /usr/bin/cmake --build /home/micka/orlsurg/ros2_ws/build/ear_msgs -- -j12 -l12
[7.624s] DEBUG:colcon.colcon_core.event_handler.log_command:Invoking command in '/home/micka/orlsurg/ros2_ws/build/ear_msgs': /usr/bin/cmake --install /home/micka/orlsurg/ros2_ws/build/ear_msgs
[7.724s] DEBUG:colcon.colcon_core.event_handler.log_command:Invoked command in '/home/micka/orlsurg/ros2_ws/build/ear_msgs' returned '0': /usr/bin/cmake --install /home/micka/orlsurg/ros2_ws/build/ear_msgs
[7.725s] Level 1:colcon.colcon_core.shell:create_environment_hook('ear_msgs', 'ros_package_path')
[7.725s] INFO:colcon.colcon_core.shell:Creating environment hook '/home/micka/orlsurg/ros2_ws/install/share/ear_msgs/hook/ros_package_path.ps1'
[7.725s] INFO:colcon.colcon_core.shell:Creating environment descriptor '/home/micka/orlsurg/ros2_ws/install/share/ear_msgs/hook/ros_package_path.dsv'
[7.726s] INFO:colcon.colcon_core.shell:Creating environment hook '/home/micka/orlsurg/ros2_ws/install/share/ear_msgs/hook/ros_package_path.sh'
[7.726s] Level 1:colcon.colcon_ros.task.catkin:checking '/home/micka/orlsurg/ros2_ws/install/lib/python3.12/site-packages'
[7.726s] Level 1:colcon.colcon_core.shell:create_environment_hook('ear_msgs', 'catkin_pythonpath')
[7.726s] INFO:colcon.colcon_core.shell:Creating environment hook '/home/micka/orlsurg/ros2_ws/install/share/ear_msgs/hook/catkin_pythonpath.ps1'
[7.726s] INFO:colcon.colcon_core.shell:Creating environment descriptor '/home/micka/orlsurg/ros2_ws/install/share/ear_msgs/hook/catkin_pythonpath.dsv'
[7.726s] INFO:colcon.colcon_core.shell:Creating environment hook '/home/micka/orlsurg/ros2_ws/install/share/ear_msgs/hook/catkin_pythonpath.sh'
[7.727s] Level 1:colcon.colcon_core.shell:create_environment_hook('ear_msgs', 'pkg_config_path')
[7.727s] INFO:colcon.colcon_core.shell:Creating environment hook '/home/micka/orlsurg/ros2_ws/install/share/ear_msgs/hook/pkg_config_path.ps1'
[7.727s] INFO:colcon.colcon_core.shell:Creating environment descriptor '/home/micka/orlsurg/ros2_ws/install/share/ear_msgs/hook/pkg_config_path.dsv'
[7.727s] INFO:colcon.colcon_core.shell:Creating environment hook '/home/micka/orlsurg/ros2_ws/install/share/ear_msgs/hook/pkg_config_path.sh'
[7.727s] Level 1:colcon.colcon_core.shell:create_environment_hook('ear_msgs', 'pkg_config_path_multiarch')
[7.727s] INFO:colcon.colcon_core.shell:Creating environment hook '/home/micka/orlsurg/ros2_ws/install/share/ear_msgs/hook/pkg_config_path_multiarch.ps1'
[7.728s] INFO:colcon.colcon_core.shell:Creating environment descriptor '/home/micka/orlsurg/ros2_ws/install/share/ear_msgs/hook/pkg_config_path_multiarch.dsv'
[7.728s] INFO:colcon.colcon_core.shell:Creating environment hook '/home/micka/orlsurg/ros2_ws/install/share/ear_msgs/hook/pkg_config_path_multiarch.sh'
[7.728s] Level 1:colcon.colcon_core.environment:create_environment_scripts_only(ear_msgs)
[7.728s] Level 1:colcon.colcon_core.environment:checking '/home/micka/orlsurg/ros2_ws/install' for CMake module files
[7.729s] Level 1:colcon.colcon_core.environment:checking '/home/micka/orlsurg/ros2_ws/install' for CMake config files
[7.730s] Level 1:colcon.colcon_core.shell:create_environment_hook('ear_msgs', 'cmake_prefix_path')
[7.730s] INFO:colcon.colcon_core.shell:Creating environment hook '/home/micka/orlsurg/ros2_ws/install/share/ear_msgs/hook/cmake_prefix_path.ps1'
[7.730s] INFO:colcon.colcon_core.shell:Creating environment descriptor '/home/micka/orlsurg/ros2_ws/install/share/ear_msgs/hook/cmake_prefix_path.dsv'
[7.730s] INFO:colcon.colcon_core.shell:Creating environment hook '/home/micka/orlsurg/ros2_ws/install/share/ear_msgs/hook/cmake_prefix_path.sh'
[7.731s] Level 1:colcon.colcon_core.environment:checking '/home/micka/orlsurg/ros2_ws/install/lib'
[7.731s] Level 1:colcon.colcon_core.shell:create_environment_hook('ear_msgs', 'ld_library_path_lib')
[7.731s] INFO:colcon.colcon_core.shell:Creating environment hook '/home/micka/orlsurg/ros2_ws/install/share/ear_msgs/hook/ld_library_path_lib.ps1'
[7.731s] INFO:colcon.colcon_core.shell:Creating environment descriptor '/home/micka/orlsurg/ros2_ws/install/share/ear_msgs/hook/ld_library_path_lib.dsv'
[7.731s] INFO:colcon.colcon_core.shell:Creating environment hook '/home/micka/orlsurg/ros2_ws/install/share/ear_msgs/hook/ld_library_path_lib.sh'
[7.731s] Level 1:colcon.colcon_core.environment:checking '/home/micka/orlsurg/ros2_ws/install/bin'
[7.732s] Level 1:colcon.colcon_core.environment:checking '/home/micka/orlsurg/ros2_ws/install/lib/pkgconfig/ear_msgs.pc'
[7.732s] Level 1:colcon.colcon_core.environment:checking '/home/micka/orlsurg/ros2_ws/install/lib/python3.12/site-packages'
[7.732s] Level 1:colcon.colcon_core.shell:create_environment_hook('ear_msgs', 'pythonpath')
[7.732s] INFO:colcon.colcon_core.shell:Creating environment hook '/home/micka/orlsurg/ros2_ws/install/share/ear_msgs/hook/pythonpath.ps1'
[7.732s] INFO:colcon.colcon_core.shell:Creating environment descriptor '/home/micka/orlsurg/ros2_ws/install/share/ear_msgs/hook/pythonpath.dsv'
[7.732s] INFO:colcon.colcon_core.shell:Creating environment hook '/home/micka/orlsurg/ros2_ws/install/share/ear_msgs/hook/pythonpath.sh'
[7.732s] Level 1:colcon.colcon_core.environment:checking '/home/micka/orlsurg/ros2_ws/install/bin'
[7.733s] INFO:colcon.colcon_core.shell:Creating package script '/home/micka/orlsurg/ros2_ws/install/share/ear_msgs/package.ps1'
[7.733s] INFO:colcon.colcon_core.shell:Creating package descriptor '/home/micka/orlsurg/ros2_ws/install/share/ear_msgs/package.dsv'
[7.733s] INFO:colcon.colcon_core.shell:Creating package script '/home/micka/orlsurg/ros2_ws/install/share/ear_msgs/package.sh'
[7.734s] INFO:colcon.colcon_core.shell:Creating package script '/home/micka/orlsurg/ros2_ws/install/share/ear_msgs/package.bash'
[7.734s] INFO:colcon.colcon_core.shell:Creating package script '/home/micka/orlsurg/ros2_ws/install/share/ear_msgs/package.zsh'
[7.734s] Level 1:colcon.colcon_core.environment:create_file_with_runtime_dependencies(/home/micka/orlsurg/ros2_ws/install/share/colcon-core/packages/ear_msgs)
[7.734s] INFO:colcon.colcon_ros.task.catkin.build:Building ROS package in '/home/micka/orlsurg/ros2_ws/src/ear_planner' with build type 'catkin'
[7.734s] INFO:colcon.colcon_cmake.task.cmake.build:Building CMake package in '/home/micka/orlsurg/ros2_ws/src/ear_planner'
[7.734s] INFO:colcon.colcon_core.shell:Skip shell extension 'powershell' for command environment: Not usable outside of PowerShell
[7.734s] DEBUG:colcon.colcon_core.shell:Skip shell extension 'dsv' for command environment
[7.735s] WARNING:colcon.colcon_ros.prefix_path.catkin:The path '/home/micka/orlsurg/ros2_ws/install' in the environment variable CMAKE_PREFIX_PATH seems to be a catkin workspace but it doesn't contain any 'local_setup.*' files. Maybe the catkin version is not up-to-date?
[7.738s] INFO:colcon.colcon_ros.task.catkin.build:Building ROS package in '/home/micka/orlsurg/ros2_ws/src/ear_segmentation' with build type 'catkin'
[7.738s] INFO:colcon.colcon_cmake.task.cmake.build:Building CMake package in '/home/micka/orlsurg/ros2_ws/src/ear_segmentation'
[7.738s] INFO:colcon.colcon_core.shell:Skip shell extension 'powershell' for command environment: Not usable outside of PowerShell
[7.738s] DEBUG:colcon.colcon_core.shell:Skip shell extension 'dsv' for command environment
[7.838s] DEBUG:colcon.colcon_core.event_handler.log_command:Invoking command in '/home/micka/orlsurg/ros2_ws/build/ear_segmentation': /usr/bin/cmake /home/micka/orlsurg/ros2_ws/src/ear_segmentation -DCATKIN_INSTALL_INTO_PREFIX_ROOT=0 -DCATKIN_SYMLINK_INSTALL=ON -DCMAKE_INSTALL_PREFIX=/home/micka/orlsurg/ros2_ws/install
[7.841s] DEBUG:colcon.colcon_core.event_handler.log_command:Invoking command in '/home/micka/orlsurg/ros2_ws/build/ear_planner': /usr/bin/cmake /home/micka/orlsurg/ros2_ws/src/ear_planner -DCATKIN_INSTALL_INTO_PREFIX_ROOT=0 -DCATKIN_SYMLINK_INSTALL=ON -DCMAKE_INSTALL_PREFIX=/home/micka/orlsurg/ros2_ws/install
[9.076s] DEBUG:colcon.colcon_core.event_handler.log_command:Invoked command in '/home/micka/orlsurg/ros2_ws/build/ear_segmentation' returned '0': /usr/bin/cmake /home/micka/orlsurg/ros2_ws/src/ear_segmentation -DCATKIN_INSTALL_INTO_PREFIX_ROOT=0 -DCATKIN_SYMLINK_INSTALL=ON -DCMAKE_INSTALL_PREFIX=/home/micka/orlsurg/ros2_ws/install
[9.077s] DEBUG:colcon.colcon_core.event_handler.log_command:Invoking command in '/home/micka/orlsurg/ros2_ws/build/ear_segmentation': /usr/bin/cmake --build /home/micka/orlsurg/ros2_ws/build/ear_segmentation -- -j12 -l12
[9.312s] DEBUG:colcon.colcon_core.event_handler.log_command:Invoked command in '/home/micka/orlsurg/ros2_ws/build/ear_planner' returned '0': /usr/bin/cmake /home/micka/orlsurg/ros2_ws/src/ear_planner -DCATKIN_INSTALL_INTO_PREFIX_ROOT=0 -DCATKIN_SYMLINK_INSTALL=ON -DCMAKE_INSTALL_PREFIX=/home/micka/orlsurg/ros2_ws/install
[9.312s] DEBUG:colcon.colcon_core.event_handler.log_command:Invoking command in '/home/micka/orlsurg/ros2_ws/build/ear_planner': /usr/bin/cmake --build /home/micka/orlsurg/ros2_ws/build/ear_planner -- -j12 -l12
[9.350s] DEBUG:colcon.colcon_core.event_handler.log_command:Invoked command in '/home/micka/orlsurg/ros2_ws/build/ear_segmentation' returned '0': /usr/bin/cmake --build /home/micka/orlsurg/ros2_ws/build/ear_segmentation -- -j12 -l12
[9.351s] DEBUG:colcon.colcon_core.event_handler.log_command:Invoking command in '/home/micka/orlsurg/ros2_ws/build/ear_segmentation': /usr/bin/cmake --install /home/micka/orlsurg/ros2_ws/build/ear_segmentation
[9.399s] DEBUG:colcon.colcon_core.event_handler.log_command:Invoked command in '/home/micka/orlsurg/ros2_ws/build/ear_segmentation' returned '0': /usr/bin/cmake --install /home/micka/orlsurg/ros2_ws/build/ear_segmentation
[9.399s] Level 1:colcon.colcon_core.shell:create_environment_hook('ear_segmentation', 'ros_package_path')
[9.399s] INFO:colcon.colcon_core.shell:Creating environment hook '/home/micka/orlsurg/ros2_ws/install/share/ear_segmentation/hook/ros_package_path.ps1'
[9.400s] INFO:colcon.colcon_core.shell:Creating environment descriptor '/home/micka/orlsurg/ros2_ws/install/share/ear_segmentation/hook/ros_package_path.dsv'
[9.400s] INFO:colcon.colcon_core.shell:Creating environment hook '/home/micka/orlsurg/ros2_ws/install/share/ear_segmentation/hook/ros_package_path.sh'
[9.400s] Level 1:colcon.colcon_ros.task.catkin:checking '/home/micka/orlsurg/ros2_ws/install/lib/python3.12/site-packages'
[9.400s] Level 1:colcon.colcon_core.shell:create_environment_hook('ear_segmentation', 'catkin_pythonpath')
[9.400s] INFO:colcon.colcon_core.shell:Creating environment hook '/home/micka/orlsurg/ros2_ws/install/share/ear_segmentation/hook/catkin_pythonpath.ps1'
[9.400s] INFO:colcon.colcon_core.shell:Creating environment descriptor '/home/micka/orlsurg/ros2_ws/install/share/ear_segmentation/hook/catkin_pythonpath.dsv'
[9.401s] INFO:colcon.colcon_core.shell:Creating environment hook '/home/micka/orlsurg/ros2_ws/install/share/ear_segmentation/hook/catkin_pythonpath.sh'
[9.401s] Level 1:colcon.colcon_core.shell:create_environment_hook('ear_segmentation', 'pkg_config_path')
[9.401s] INFO:colcon.colcon_core.shell:Creating environment hook '/home/micka/orlsurg/ros2_ws/install/share/ear_segmentation/hook/pkg_config_path.ps1'
[9.401s] INFO:colcon.colcon_core.shell:Creating environment descriptor '/home/micka/orlsurg/ros2_ws/install/share/ear_segmentation/hook/pkg_config_path.dsv'
[9.401s] INFO:colcon.colcon_core.shell:Creating environment hook '/home/micka/orlsurg/ros2_ws/install/share/ear_segmentation/hook/pkg_config_path.sh'
[9.401s] Level 1:colcon.colcon_core.shell:create_environment_hook('ear_segmentation', 'pkg_config_path_multiarch')
[9.402s] INFO:colcon.colcon_core.shell:Creating environment hook '/home/micka/orlsurg/ros2_ws/install/share/ear_segmentation/hook/pkg_config_path_multiarch.ps1'
[9.402s] INFO:colcon.colcon_core.shell:Creating environment descriptor '/home/micka/orlsurg/ros2_ws/install/share/ear_segmentation/hook/pkg_config_path_multiarch.dsv'
[9.402s] INFO:colcon.colcon_core.shell:Creating environment hook '/home/micka/orlsurg/ros2_ws/install/share/ear_segmentation/hook/pkg_config_path_multiarch.sh'
[9.402s] Level 1:colcon.colcon_core.environment:create_environment_scripts_only(ear_segmentation)
[9.402s] Level 1:colcon.colcon_core.environment:checking '/home/micka/orlsurg/ros2_ws/install' for CMake module files
[9.403s] Level 1:colcon.colcon_core.environment:checking '/home/micka/orlsurg/ros2_ws/install' for CMake config files
[9.404s] Level 1:colcon.colcon_core.shell:create_environment_hook('ear_segmentation', 'cmake_prefix_path')
[9.404s] INFO:colcon.colcon_core.shell:Creating environment hook '/home/micka/orlsurg/ros2_ws/install/share/ear_segmentation/hook/cmake_prefix_path.ps1'
[9.404s] INFO:colcon.colcon_core.shell:Creating environment descriptor '/home/micka/orlsurg/ros2_ws/install/share/ear_segmentation/hook/cmake_prefix_path.dsv'
[9.404s] INFO:colcon.colcon_core.shell:Creating environment hook '/home/micka/orlsurg/ros2_ws/install/share/ear_segmentation/hook/cmake_prefix_path.sh'
[9.405s] Level 1:colcon.colcon_core.environment:checking '/home/micka/orlsurg/ros2_ws/install/lib'
[9.405s] Level 1:colcon.colcon_core.shell:create_environment_hook('ear_segmentation', 'ld_library_path_lib')
[9.405s] INFO:colcon.colcon_core.shell:Creating environment hook '/home/micka/orlsurg/ros2_ws/install/share/ear_segmentation/hook/ld_library_path_lib.ps1'
[9.405s] INFO:colcon.colcon_core.shell:Creating environment descriptor '/home/micka/orlsurg/ros2_ws/install/share/ear_segmentation/hook/ld_library_path_lib.dsv'
[9.405s] INFO:colcon.colcon_core.shell:Creating environment hook '/home/micka/orlsurg/ros2_ws/install/share/ear_segmentation/hook/ld_library_path_lib.sh'
[9.406s] Level 1:colcon.colcon_core.environment:checking '/home/micka/orlsurg/ros2_ws/install/bin'
[9.406s] Level 1:colcon.colcon_core.environment:checking '/home/micka/orlsurg/ros2_ws/install/lib/pkgconfig/ear_segmentation.pc'
[9.406s] Level 1:colcon.colcon_core.environment:checking '/home/micka/orlsurg/ros2_ws/install/lib/python3.12/site-packages'
[9.406s] Level 1:colcon.colcon_core.shell:create_environment_hook('ear_segmentation', 'pythonpath')
[9.406s] INFO:colcon.colcon_core.shell:Creating environment hook '/home/micka/orlsurg/ros2_ws/install/share/ear_segmentation/hook/pythonpath.ps1'
[9.406s] INFO:colcon.colcon_core.shell:Creating environment descriptor '/home/micka/orlsurg/ros2_ws/install/share/ear_segmentation/hook/pythonpath.dsv'
[9.406s] INFO:colcon.colcon_core.shell:Creating environment hook '/home/micka/orlsurg/ros2_ws/install/share/ear_segmentation/hook/pythonpath.sh'
[9.407s] Level 1:colcon.colcon_core.environment:checking '/home/micka/orlsurg/ros2_ws/install/bin'
[9.407s] INFO:colcon.colcon_core.shell:Creating package script '/home/micka/orlsurg/ros2_ws/install/share/ear_segmentation/package.ps1'
[9.407s] INFO:colcon.colcon_core.shell:Creating package descriptor '/home/micka/orlsurg/ros2_ws/install/share/ear_segmentation/package.dsv'
[9.408s] INFO:colcon.colcon_core.shell:Creating package script '/home/micka/orlsurg/ros2_ws/install/share/ear_segmentation/package.sh'
[9.408s] INFO:colcon.colcon_core.shell:Creating package script '/home/micka/orlsurg/ros2_ws/install/share/ear_segmentation/package.bash'
[9.408s] INFO:colcon.colcon_core.shell:Creating package script '/home/micka/orlsurg/ros2_ws/install/share/ear_segmentation/package.zsh'
[9.408s] Level 1:colcon.colcon_core.environment:create_file_with_runtime_dependencies(/home/micka/orlsurg/ros2_ws/install/share/colcon-core/packages/ear_segmentation)
[9.590s] DEBUG:colcon.colcon_core.event_handler.log_command:Invoked command in '/home/micka/orlsurg/ros2_ws/build/ear_planner' returned '0': /usr/bin/cmake --build /home/micka/orlsurg/ros2_ws/build/ear_planner -- -j12 -l12
[9.591s] DEBUG:colcon.colcon_core.event_handler.log_command:Invoking command in '/home/micka/orlsurg/ros2_ws/build/ear_planner': /usr/bin/cmake --install /home/micka/orlsurg/ros2_ws/build/ear_planner
[9.641s] DEBUG:colcon.colcon_core.event_handler.log_command:Invoked command in '/home/micka/orlsurg/ros2_ws/build/ear_planner' returned '0': /usr/bin/cmake --install /home/micka/orlsurg/ros2_ws/build/ear_planner
[9.641s] Level 1:colcon.colcon_core.shell:create_environment_hook('ear_planner', 'ros_package_path')
[9.641s] INFO:colcon.colcon_core.shell:Creating environment hook '/home/micka/orlsurg/ros2_ws/install/share/ear_planner/hook/ros_package_path.ps1'
[9.642s] INFO:colcon.colcon_core.shell:Creating environment descriptor '/home/micka/orlsurg/ros2_ws/install/share/ear_planner/hook/ros_package_path.dsv'
[9.642s] INFO:colcon.colcon_core.shell:Creating environment hook '/home/micka/orlsurg/ros2_ws/install/share/ear_planner/hook/ros_package_path.sh'
[9.642s] Level 1:colcon.colcon_ros.task.catkin:checking '/home/micka/orlsurg/ros2_ws/install/lib/python3.12/site-packages'
[9.642s] Level 1:colcon.colcon_core.shell:create_environment_hook('ear_planner', 'catkin_pythonpath')
[9.643s] INFO:colcon.colcon_core.shell:Creating environment hook '/home/micka/orlsurg/ros2_ws/install/share/ear_planner/hook/catkin_pythonpath.ps1'
[9.643s] INFO:colcon.colcon_core.shell:Creating environment descriptor '/home/micka/orlsurg/ros2_ws/install/share/ear_planner/hook/catkin_pythonpath.dsv'
[9.643s] INFO:colcon.colcon_core.shell:Creating environment hook '/home/micka/orlsurg/ros2_ws/install/share/ear_planner/hook/catkin_pythonpath.sh'
[9.643s] Level 1:colcon.colcon_core.shell:create_environment_hook('ear_planner', 'pkg_config_path')
[9.643s] INFO:colcon.colcon_core.shell:Creating environment hook '/home/micka/orlsurg/ros2_ws/install/share/ear_planner/hook/pkg_config_path.ps1'
[9.643s] INFO:colcon.colcon_core.shell:Creating environment descriptor '/home/micka/orlsurg/ros2_ws/install/share/ear_planner/hook/pkg_config_path.dsv'
[9.644s] INFO:colcon.colcon_core.shell:Creating environment hook '/home/micka/orlsurg/ros2_ws/install/share/ear_planner/hook/pkg_config_path.sh'
[9.644s] Level 1:colcon.colcon_core.shell:create_environment_hook('ear_planner', 'pkg_config_path_multiarch')
[9.644s] INFO:colcon.colcon_core.shell:Creating environment hook '/home/micka/orlsurg/ros2_ws/install/share/ear_planner/hook/pkg_config_path_multiarch.ps1'
[9.644s] INFO:colcon.colcon_core.shell:Creating environment descriptor '/home/micka/orlsurg/ros2_ws/install/share/ear_planner/hook/pkg_config_path_multiarch.dsv'
[9.644s] INFO:colcon.colcon_core.shell:Creating environment hook '/home/micka/orlsurg/ros2_ws/install/share/ear_planner/hook/pkg_config_path_multiarch.sh'
[9.645s] Level 1:colcon.colcon_core.environment:create_environment_scripts_only(ear_planner)
[9.645s] Level 1:colcon.colcon_core.environment:checking '/home/micka/orlsurg/ros2_ws/install' for CMake module files
[9.645s] Level 1:colcon.colcon_core.environment:checking '/home/micka/orlsurg/ros2_ws/install' for CMake config files
[9.646s] Level 1:colcon.colcon_core.shell:create_environment_hook('ear_planner', 'cmake_prefix_path')
[9.646s] INFO:colcon.colcon_core.shell:Creating environment hook '/home/micka/orlsurg/ros2_ws/install/share/ear_planner/hook/cmake_prefix_path.ps1'
[9.646s] INFO:colcon.colcon_core.shell:Creating environment descriptor '/home/micka/orlsurg/ros2_ws/install/share/ear_planner/hook/cmake_prefix_path.dsv'
[9.646s] INFO:colcon.colcon_core.shell:Creating environment hook '/home/micka/orlsurg/ros2_ws/install/share/ear_planner/hook/cmake_prefix_path.sh'
[9.646s] Level 1:colcon.colcon_core.environment:checking '/home/micka/orlsurg/ros2_ws/install/lib'
[9.647s] Level 1:colcon.colcon_core.shell:create_environment_hook('ear_planner', 'ld_library_path_lib')
[9.647s] INFO:colcon.colcon_core.shell:Creating environment hook '/home/micka/orlsurg/ros2_ws/install/share/ear_planner/hook/ld_library_path_lib.ps1'
[9.647s] INFO:colcon.colcon_core.shell:Creating environment descriptor '/home/micka/orlsurg/ros2_ws/install/share/ear_planner/hook/ld_library_path_lib.dsv'
[9.647s] INFO:colcon.colcon_core.shell:Creating environment hook '/home/micka/orlsurg/ros2_ws/install/share/ear_planner/hook/ld_library_path_lib.sh'
[9.647s] Level 1:colcon.colcon_core.environment:checking '/home/micka/orlsurg/ros2_ws/install/bin'
[9.647s] Level 1:colcon.colcon_core.environment:checking '/home/micka/orlsurg/ros2_ws/install/lib/pkgconfig/ear_planner.pc'
[9.647s] Level 1:colcon.colcon_core.environment:checking '/home/micka/orlsurg/ros2_ws/install/lib/python3.12/site-packages'
[9.647s] Level 1:colcon.colcon_core.shell:create_environment_hook('ear_planner', 'pythonpath')
[9.648s] INFO:colcon.colcon_core.shell:Creating environment hook '/home/micka/orlsurg/ros2_ws/install/share/ear_planner/hook/pythonpath.ps1'
[9.648s] INFO:colcon.colcon_core.shell:Creating environment descriptor '/home/micka/orlsurg/ros2_ws/install/share/ear_planner/hook/pythonpath.dsv'
[9.648s] INFO:colcon.colcon_core.shell:Creating environment hook '/home/micka/orlsurg/ros2_ws/install/share/ear_planner/hook/pythonpath.sh'
[9.648s] Level 1:colcon.colcon_core.environment:checking '/home/micka/orlsurg/ros2_ws/install/bin'
[9.648s] INFO:colcon.colcon_core.shell:Creating package script '/home/micka/orlsurg/ros2_ws/install/share/ear_planner/package.ps1'
[9.649s] INFO:colcon.colcon_core.shell:Creating package descriptor '/home/micka/orlsurg/ros2_ws/install/share/ear_planner/package.dsv'
[9.649s] INFO:colcon.colcon_core.shell:Creating package script '/home/micka/orlsurg/ros2_ws/install/share/ear_planner/package.sh'
[9.650s] INFO:colcon.colcon_core.shell:Creating package script '/home/micka/orlsurg/ros2_ws/install/share/ear_planner/package.bash'
[9.650s] INFO:colcon.colcon_core.shell:Creating package script '/home/micka/orlsurg/ros2_ws/install/share/ear_planner/package.zsh'
[9.650s] Level 1:colcon.colcon_core.environment:create_file_with_runtime_dependencies(/home/micka/orlsurg/ros2_ws/install/share/colcon-core/packages/ear_planner)
[9.651s] DEBUG:colcon.colcon_parallel_executor.executor.parallel:closing loop
[9.651s] DEBUG:colcon.colcon_parallel_executor.executor.parallel:loop closed
[9.651s] DEBUG:colcon.colcon_parallel_executor.executor.parallel:run_until_complete finished with '0'
[9.651s] DEBUG:colcon.colcon_core.event_reactor:joining thread
[9.674s] INFO:colcon.colcon_core.plugin_system:Skipping extension 'colcon_notification.desktop_notification.notify_send': Could not find 'notify-send'
[9.674s] INFO:colcon.colcon_core.plugin_system:Skipping extension 'colcon_notification.desktop_notification.terminal_notifier': Not used on non-Darwin systems
[9.674s] INFO:colcon.colcon_core.plugin_system:Skipping extension 'colcon_notification.desktop_notification.win32': Not used on non-Windows systems
[9.674s] INFO:colcon.colcon_notification.desktop_notification:Sending desktop notification using 'notify2'
[9.675s] DEBUG:colcon.colcon_notification.desktop_notification.notify2:Failed to initialize notify2: org.freedesktop.DBus.Error.ServiceUnknown: The name org.freedesktop.Notifications was not provided by any .service files
[9.675s] DEBUG:colcon.colcon_core.event_reactor:joined thread
[9.675s] INFO:colcon.colcon_core.shell:Creating prefix script '/home/micka/orlsurg/ros2_ws/install/local_setup.ps1'
[9.675s] INFO:colcon.colcon_core.shell:Creating prefix util module '/home/micka/orlsurg/ros2_ws/install/_local_setup_util_ps1.py'
[9.676s] INFO:colcon.colcon_core.shell:Creating prefix chain script '/home/micka/orlsurg/ros2_ws/install/setup.ps1'
[9.676s] INFO:colcon.colcon_core.shell:Creating prefix script '/home/micka/orlsurg/ros2_ws/install/local_setup.sh'
[9.677s] INFO:colcon.colcon_core.shell:Creating prefix util module '/home/micka/orlsurg/ros2_ws/install/_local_setup_util_sh.py'
[9.677s] INFO:colcon.colcon_core.shell:Creating prefix chain script '/home/micka/orlsurg/ros2_ws/install/setup.sh'
[9.678s] INFO:colcon.colcon_core.shell:Creating prefix script '/home/micka/orlsurg/ros2_ws/install/local_setup.bash'
[9.678s] INFO:colcon.colcon_core.shell:Creating prefix chain script '/home/micka/orlsurg/ros2_ws/install/setup.bash'
[9.678s] INFO:colcon.colcon_core.shell:Creating prefix script '/home/micka/orlsurg/ros2_ws/install/local_setup.zsh'
[9.678s] INFO:colcon.colcon_core.shell:Creating prefix chain script '/home/micka/orlsurg/ros2_ws/install/setup.zsh'
